Archive member included to satisfy reference by file (symbol)

/opt/st/stm32cubeide_1.7.0/plugins/com.st.stm32cube.ide.mcu.externaltools.gnu-tools-for-stm32.9-2020-q2-update.linux64_2.0.0.202105311346/tools/bin/../lib/gcc/arm-none-eabi/9.3.1/../../../../arm-none-eabi/lib/thumb/v7e-m+fp/hard/libc_nano.a(lib_a-errno.o)
                              ./Core/Src/syscalls.o (__errno)
/opt/st/stm32cubeide_1.7.0/plugins/com.st.stm32cube.ide.mcu.externaltools.gnu-tools-for-stm32.9-2020-q2-update.linux64_2.0.0.202105311346/tools/bin/../lib/gcc/arm-none-eabi/9.3.1/../../../../arm-none-eabi/lib/thumb/v7e-m+fp/hard/libc_nano.a(lib_a-exit.o)
                              /opt/st/stm32cubeide_1.7.0/plugins/com.st.stm32cube.ide.mcu.externaltools.gnu-tools-for-stm32.9-2020-q2-update.linux64_2.0.0.202105311346/tools/bin/../lib/gcc/arm-none-eabi/9.3.1/../../../../arm-none-eabi/lib/thumb/v7e-m+fp/hard/crt0.o (exit)
/opt/st/stm32cubeide_1.7.0/plugins/com.st.stm32cube.ide.mcu.externaltools.gnu-tools-for-stm32.9-2020-q2-update.linux64_2.0.0.202105311346/tools/bin/../lib/gcc/arm-none-eabi/9.3.1/../../../../arm-none-eabi/lib/thumb/v7e-m+fp/hard/libc_nano.a(lib_a-impure.o)
                              /opt/st/stm32cubeide_1.7.0/plugins/com.st.stm32cube.ide.mcu.externaltools.gnu-tools-for-stm32.9-2020-q2-update.linux64_2.0.0.202105311346/tools/bin/../lib/gcc/arm-none-eabi/9.3.1/../../../../arm-none-eabi/lib/thumb/v7e-m+fp/hard/libc_nano.a(lib_a-exit.o) (_global_impure_ptr)
/opt/st/stm32cubeide_1.7.0/plugins/com.st.stm32cube.ide.mcu.externaltools.gnu-tools-for-stm32.9-2020-q2-update.linux64_2.0.0.202105311346/tools/bin/../lib/gcc/arm-none-eabi/9.3.1/../../../../arm-none-eabi/lib/thumb/v7e-m+fp/hard/libc_nano.a(lib_a-init.o)
                              /opt/st/stm32cubeide_1.7.0/plugins/com.st.stm32cube.ide.mcu.externaltools.gnu-tools-for-stm32.9-2020-q2-update.linux64_2.0.0.202105311346/tools/bin/../lib/gcc/arm-none-eabi/9.3.1/../../../../arm-none-eabi/lib/thumb/v7e-m+fp/hard/crt0.o (__libc_init_array)
/opt/st/stm32cubeide_1.7.0/plugins/com.st.stm32cube.ide.mcu.externaltools.gnu-tools-for-stm32.9-2020-q2-update.linux64_2.0.0.202105311346/tools/bin/../lib/gcc/arm-none-eabi/9.3.1/../../../../arm-none-eabi/lib/thumb/v7e-m+fp/hard/libc_nano.a(lib_a-memset.o)
                              /opt/st/stm32cubeide_1.7.0/plugins/com.st.stm32cube.ide.mcu.externaltools.gnu-tools-for-stm32.9-2020-q2-update.linux64_2.0.0.202105311346/tools/bin/../lib/gcc/arm-none-eabi/9.3.1/../../../../arm-none-eabi/lib/thumb/v7e-m+fp/hard/crt0.o (memset)
/opt/st/stm32cubeide_1.7.0/plugins/com.st.stm32cube.ide.mcu.externaltools.gnu-tools-for-stm32.9-2020-q2-update.linux64_2.0.0.202105311346/tools/bin/../lib/gcc/arm-none-eabi/9.3.1/../../../../arm-none-eabi/lib/thumb/v7e-m+fp/hard/libm.a(lib_a-sf_round.o)
                              ./Core/Common/str_mathcommon.o (roundf)
/opt/st/stm32cubeide_1.7.0/plugins/com.st.stm32cube.ide.mcu.externaltools.gnu-tools-for-stm32.9-2020-q2-update.linux64_2.0.0.202105311346/tools/bin/../lib/gcc/arm-none-eabi/9.3.1/thumb/v7e-m+fp/hard/libgcc.a(_aeabi_uldivmod.o)
                              ./Drivers/STM32L4xx_HAL_Driver/Src/stm32l4xx_hal_uart.o (__aeabi_uldivmod)
/opt/st/stm32cubeide_1.7.0/plugins/com.st.stm32cube.ide.mcu.externaltools.gnu-tools-for-stm32.9-2020-q2-update.linux64_2.0.0.202105311346/tools/bin/../lib/gcc/arm-none-eabi/9.3.1/thumb/v7e-m+fp/hard/libgcc.a(_udivmoddi4.o)
                              /opt/st/stm32cubeide_1.7.0/plugins/com.st.stm32cube.ide.mcu.externaltools.gnu-tools-for-stm32.9-2020-q2-update.linux64_2.0.0.202105311346/tools/bin/../lib/gcc/arm-none-eabi/9.3.1/thumb/v7e-m+fp/hard/libgcc.a(_aeabi_uldivmod.o) (__udivmoddi4)
/opt/st/stm32cubeide_1.7.0/plugins/com.st.stm32cube.ide.mcu.externaltools.gnu-tools-for-stm32.9-2020-q2-update.linux64_2.0.0.202105311346/tools/bin/../lib/gcc/arm-none-eabi/9.3.1/thumb/v7e-m+fp/hard/libgcc.a(_dvmd_tls.o)
                              /opt/st/stm32cubeide_1.7.0/plugins/com.st.stm32cube.ide.mcu.externaltools.gnu-tools-for-stm32.9-2020-q2-update.linux64_2.0.0.202105311346/tools/bin/../lib/gcc/arm-none-eabi/9.3.1/thumb/v7e-m+fp/hard/libgcc.a(_aeabi_uldivmod.o) (__aeabi_ldiv0)

Allocating common symbols
Common symbol       size              file

ringUSART2          0x80              ./Core/Common/str_fifo.o
inp                 0x3c              ./Core/MB/str_mbs.o
Rx_dataUSART2       0x2               ./Core/MB/str_uart.o
bufferUSART2        0x80              ./Core/MB/str_uart.o
uwTick              0x4               ./Drivers/STM32L4xx_HAL_Driver/Src/stm32l4xx_hal.o
message             0x80              ./Core/MB/str_mbs.o
uCont               0x8               ./Core/MB/str_mbregisters.o
EraseInitStruct     0x10              ./Core/Common/str_flash.o
ringUSART           0x80              ./Core/MB/str_mbs.o
errmessage          0x5               ./Core/MB/str_mbs.o
UID                 0xc               ./Core/Common/str_flash.o
[...]
Memory Configuration

Name             Origin             Length             Attributes
RAM              0x0000000020000000 0x0000000000018000 xrw
RAM2             0x0000000010000000 0x0000000000008000 xrw
FLASH            0x0000000008000000 0x0000000000100000 xr
*default*        0x0000000000000000 0xffffffffffffffff

Linker script and memory map

LOAD /opt/st/stm32cubeide_1.7.0/plugins/com.st.stm32cube.ide.mcu.externaltools.gnu-tools-for-stm32.9-2020-q2-update.linux64_2.0.0.202105311346/tools/bin/../lib/gcc/arm-none-eabi/9.3.1/thumb/v7e-m+fp/hard/crti.o
LOAD /opt/st/stm32cubeide_1.7.0/plugins/com.st.stm32cube.ide.mcu.externaltools.gnu-tools-for-stm32.9-2020-q2-update.linux64_2.0.0.202105311346/tools/bin/../lib/gcc/arm-none-eabi/9.3.1/thumb/v7e-m+fp/hard/crtbegin.o
LOAD /opt/st/stm32cubeide_1.7.0/plugins/com.st.stm32cube.ide.mcu.externaltools.gnu-tools-for-stm32.9-2020-q2-update.linux64_2.0.0.202105311346/tools/bin/../lib/gcc/arm-none-eabi/9.3.1/../../../../arm-none-eabi/lib/thumb/v7e-m+fp/hard/crt0.o
LOAD ./Core/Common/Leds.o
LOAD ./Core/Common/str_fifo.o
LOAD ./Core/Common/str_flash.o
LOAD ./Core/Common/str_mathcommon.o
LOAD ./Core/Common/str_service.o
LOAD ./Core/Common/str_systick.o
LOAD ./Core/MB/str_mbregisters.o
LOAD ./Core/MB/str_mbs.o
LOAD ./Core/MB/str_tim.o
LOAD ./Core/MB/str_uart.o
LOAD ./Core/Src/main.o
LOAD ./Core/Src/stm32l4xx_hal_msp.o
LOAD ./Core/Src/stm32l4xx_it.o
LOAD ./Core/Src/syscalls.o
LOAD ./Core/Src/sysmem.o
LOAD ./Core/Src/system_stm32l4xx.o
LOAD ./Core/Startup/startup_stm32l476rgtx.o
LOAD ./Drivers/STM32L4xx_HAL_Driver/Src/stm32l4xx_hal.o
LOAD ./Drivers/STM32L4xx_HAL_Driver/Src/stm32l4xx_hal_cortex.o
LOAD ./Drivers/STM32L4xx_HAL_Driver/Src/stm32l4xx_hal_dma.o
LOAD ./Drivers/STM32L4xx_HAL_Driver/Src/stm32l4xx_hal_dma_ex.o
LOAD ./Drivers/STM32L4xx_HAL_Driver/Src/stm32l4xx_hal_exti.o
LOAD ./Drivers/STM32L4xx_HAL_Driver/Src/stm32l4xx_hal_flash.o
LOAD ./Drivers/STM32L4xx_HAL_Driver/Src/stm32l4xx_hal_flash_ex.o
LOAD ./Drivers/STM32L4xx_HAL_Driver/Src/stm32l4xx_hal_flash_ramfunc.o
LOAD ./Drivers/STM32L4xx_HAL_Driver/Src/stm32l4xx_hal_gpio.o
LOAD ./Drivers/STM32L4xx_HAL_Driver/Src/stm32l4xx_hal_i2c.o
LOAD ./Drivers/STM32L4xx_HAL_Driver/Src/stm32l4xx_hal_i2c_ex.o
LOAD ./Drivers/STM32L4xx_HAL_Driver/Src/stm32l4xx_hal_pwr.o
LOAD ./Drivers/STM32L4xx_HAL_Driver/Src/stm32l4xx_hal_pwr_ex.o
LOAD ./Drivers/STM32L4xx_HAL_Driver/Src/stm32l4xx_hal_rcc.o
LOAD ./Drivers/STM32L4xx_HAL_Driver/Src/stm32l4xx_hal_rcc_ex.o
LOAD ./Drivers/STM32L4xx_HAL_Driver/Src/stm32l4xx_hal_rtc.o
LOAD ./Drivers/STM32L4xx_HAL_Driver/Src/stm32l4xx_hal_rtc_ex.o
LOAD ./Drivers/STM32L4xx_HAL_Driver/Src/stm32l4xx_hal_tim.o
LOAD ./Drivers/STM32L4xx_HAL_Driver/Src/stm32l4xx_hal_tim_ex.o
LOAD ./Drivers/STM32L4xx_HAL_Driver/Src/stm32l4xx_hal_uart.o
LOAD ./Drivers/STM32L4xx_HAL_Driver/Src/stm32l4xx_hal_uart_ex.o
START GROUP
LOAD /opt/st/stm32cubeide_1.7.0/plugins/com.st.stm32cube.ide.mcu.externaltools.gnu-tools-for-stm32.9-2020-q2-update.linux64_2.0.0.202105311346/tools/bin/../lib/gcc/arm-none-eabi/9.3.1/../../../../arm-none-eabi/lib/thumb/v7e-m+fp/hard/libc_nano.a
LOAD /opt/st/stm32cubeide_1.7.0/plugins/com.st.stm32cube.ide.mcu.externaltools.gnu-tools-for-stm32.9-2020-q2-update.linux64_2.0.0.202105311346/tools/bin/../lib/gcc/arm-none-eabi/9.3.1/../../../../arm-none-eabi/lib/thumb/v7e-m+fp/hard/libm.a
END GROUP
START GROUP
LOAD /opt/st/stm32cubeide_1.7.0/plugins/com.st.stm32cube.ide.mcu.externaltools.gnu-tools-for-stm32.9-2020-q2-update.linux64_2.0.0.202105311346/tools/bin/../lib/gcc/arm-none-eabi/9.3.1/thumb/v7e-m+fp/hard/libgcc.a
LOAD /opt/st/stm32cubeide_1.7.0/plugins/com.st.stm32cube.ide.mcu.externaltools.gnu-tools-for-stm32.9-2020-q2-update.linux64_2.0.0.202105311346/tools/bin/../lib/gcc/arm-none-eabi/9.3.1/../../../../arm-none-eabi/lib/thumb/v7e-m+fp/hard/libc_nano.a
END GROUP
START GROUP
LOAD /opt/st/stm32cubeide_1.7.0/plugins/com.st.stm32cube.ide.mcu.externaltools.gnu-tools-for-stm32.9-2020-q2-update.linux64_2.0.0.202105311346/tools/bin/../lib/gcc/arm-none-eabi/9.3.1/thumb/v7e-m+fp/hard/libgcc.a
LOAD /opt/st/stm32cubeide_1.7.0/plugins/com.st.stm32cube.ide.mcu.externaltools.gnu-tools-for-stm32.9-2020-q2-update.linux64_2.0.0.202105311346/tools/bin/../lib/gcc/arm-none-eabi/9.3.1/../../../../arm-none-eabi/lib/thumb/v7e-m+fp/hard/libc_nano.a
LOAD /opt/st/stm32cubeide_1.7.0/plugins/com.st.stm32cube.ide.mcu.externaltools.gnu-tools-for-stm32.9-2020-q2-update.linux64_2.0.0.202105311346/tools/bin/../lib/gcc/arm-none-eabi/9.3.1/../../../../arm-none-eabi/lib/thumb/v7e-m+fp/hard/libnosys.a
END GROUP
START GROUP
LOAD /opt/st/stm32cubeide_1.7.0/plugins/com.st.stm32cube.ide.mcu.externaltools.gnu-tools-for-stm32.9-2020-q2-update.linux64_2.0.0.202105311346/tools/bin/../lib/gcc/arm-none-eabi/9.3.1/thumb/v7e-m+fp/hard/libgcc.a
LOAD /opt/st/stm32cubeide_1.7.0/plugins/com.st.stm32cube.ide.mcu.externaltools.gnu-tools-for-stm32.9-2020-q2-update.linux64_2.0.0.202105311346/tools/bin/../lib/gcc/arm-none-eabi/9.3.1/../../../../arm-none-eabi/lib/thumb/v7e-m+fp/hard/libc_nano.a
LOAD /opt/st/stm32cubeide_1.7.0/plugins/com.st.stm32cube.ide.mcu.externaltools.gnu-tools-for-stm32.9-2020-q2-update.linux64_2.0.0.202105311346/tools/bin/../lib/gcc/arm-none-eabi/9.3.1/../../../../arm-none-eabi/lib/thumb/v7e-m+fp/hard/libnosys.a
END GROUP
LOAD /opt/st/stm32cubeide_1.7.0/plugins/com.st.stm32cube.ide.mcu.externaltools.gnu-tools-for-stm32.9-2020-q2-update.linux64_2.0.0.202105311346/tools/bin/../lib/gcc/arm-none-eabi/9.3.1/thumb/v7e-m+fp/hard/crtend.o
LOAD /opt/st/stm32cubeide_1.7.0/plugins/com.st.stm32cube.ide.mcu.externaltools.gnu-tools-for-stm32.9-2020-q2-update.linux64_2.0.0.202105311346/tools/bin/../lib/gcc/arm-none-eabi/9.3.1/thumb/v7e-m+fp/hard/crtn.o
                0x0000000020018000                _estack = (ORIGIN (RAM) + LENGTH (RAM))
                0x0000000000000200                _Min_Heap_Size = 0x200
                0x0000000000000400                _Min_Stack_Size = 0x400

.isr_vector     0x0000000008000000      0x188
                0x0000000008000000                . = ALIGN (0x4)
 *(.isr_vector)
 .isr_vector    0x0000000008000000      0x188 ./Core/Startup/startup_stm32l476rgtx.o
                0x0000000008000000                g_pfnVectors
                0x0000000008000188                . = ALIGN (0x4)

.text           0x0000000008000188     0x6dbc
                0x0000000008000188                . = ALIGN (0x4)
 *(.text)
 .text          0x0000000008000188       0x40 /opt/st/stm32cubeide_1.7.0/plugins/com.st.stm32cube.ide.mcu.externaltools.gnu-tools-for-stm32.9-2020-q2-update.linux64_2.0.0.202105311346/tools/bin/../lib/gcc/arm-none-eabi/9.3.1/thumb/v7e-m+fp/hard/crtbegin.o
 .text          0x00000000080001c8       0x30 /opt/st/stm32cubeide_1.7.0/plugins/com.st.stm32cube.ide.mcu.externaltools.gnu-tools-for-stm32.9-2020-q2-update.linux64_2.0.0.202105311346/tools/bin/../lib/gcc/arm-none-eabi/9.3.1/thumb/v7e-m+fp/hard/libgcc.a(_aeabi_uldivmod.o)
                0x00000000080001c8                __aeabi_uldivmod
 .text          0x00000000080001f8      0x2c4 /opt/st/stm32cubeide_1.7.0/plugins/com.st.stm32cube.ide.mcu.externaltools.gnu-tools-for-stm32.9-2020-q2-update.linux64_2.0.0.202105311346/tools/bin/../lib/gcc/arm-none-eabi/9.3.1/thumb/v7e-m+fp/hard/libgcc.a(_udivmoddi4.o)
                0x00000000080001f8                __udivmoddi4
 .text          0x00000000080004bc        0x4 /opt/st/stm32cubeide_1.7.0/plugins/com.st.stm32cube.ide.mcu.externaltools.gnu-tools-for-stm32.9-2020-q2-update.linux64_2.0.0.202105311346/tools/bin/../lib/gcc/arm-none-eabi/9.3.1/thumb/v7e-m+fp/hard/libgcc.a(_dvmd_tls.o)
                0x00000000080004bc                __aeabi_ldiv0
                0x00000000080004bc                __aeabi_idiv0
 *(.text*)
 .text.LedToggle
                0x00000000080004c0       0x34 ./Core/Common/Leds.o
                0x00000000080004c0                LedToggle
 .text.Fifo_New
                0x00000000080004f4       0x28 ./Core/Common/str_fifo.o
                0x00000000080004f4                Fifo_New
 .text.Fifo_init
                0x000000000800051c       0x34 ./Core/Common/str_fifo.o
                0x000000000800051c                Fifo_init
 .text.Fifo_put
                0x0000000008000550       0x6a ./Core/Common/str_fifo.o
                0x0000000008000550                Fifo_put
 .text.Fifo_count
                0x00000000080005ba       0x46 ./Core/Common/str_fifo.o
                0x00000000080005ba                Fifo_count
 .text.Fifo_CopyBuffer
                0x0000000008000600       0x66 ./Core/Common/str_fifo.o
                0x0000000008000600                Fifo_CopyBuffer
 *fill*         0x0000000008000666        0x2 
 .text.Flash_Info
                0x0000000008000668       0x98 ./Core/Common/str_flash.o
                0x0000000008000668                Flash_Info
 .text.FLASH_ReadWord
                0x0000000008000700       0x18 ./Core/Common/str_flash.o
                0x0000000008000700                FLASH_ReadWord
 .text.FLASH_Read_Array
                0x0000000008000718       0x46 ./Core/Common/str_flash.o
                0x0000000008000718                FLASH_Read_Array
 *fill*         0x000000000800075e        0x2 
 .text.Save_To_FLASH
                0x0000000008000760      0x188 ./Core/Common/str_flash.o
                0x0000000008000760                Save_To_FLASH
 .text.GetPage  0x00000000080008e8       0x84 ./Core/Common/str_flash.o
 .text.GetBank  0x000000000800096c       0x9c ./Core/Common/str_flash.o
 .text.CalcCRC  0x0000000008000a08       0x8a ./Core/Common/str_mathcommon.o
                0x0000000008000a08                CalcCRC
 *fill*         0x0000000008000a92        0x2 
 .text.Init_LedBlinkTime
                0x0000000008000a94       0x28 ./Core/Common/str_service.o
                0x0000000008000a94                Init_LedBlinkTime
 .text.LedBlinkTime
                0x0000000008000abc       0x40 ./Core/Common/str_service.o
                0x0000000008000abc                LedBlinkTime
 .text.Generator_Saw
                0x0000000008000afc      0x108 ./Core/Common/str_service.o
                0x0000000008000afc                Generator_Saw
 .text.InitRegsInp
                0x0000000008000c04       0xfc ./Core/MB/str_mbregisters.o
                0x0000000008000c04                InitRegsInp
 .text.InitRegsHld
                0x0000000008000d00       0xec ./Core/MB/str_mbregisters.o
                0x0000000008000d00                InitRegsHld
 .text.ModifyMainRegisters
                0x0000000008000dec      0x150 ./Core/MB/str_mbregisters.o
                0x0000000008000dec                ModifyMainRegisters
 .text.CompareUID
                0x0000000008000f3c       0x6c ./Core/MB/str_mbregisters.o
                0x0000000008000f3c                CompareUID
 .text.ClearUID
                0x0000000008000fa8       0x3c ./Core/MB/str_mbregisters.o
                0x0000000008000fa8                ClearUID
 .text.InitMBslave
                0x0000000008000fe4       0x34 ./Core/MB/str_mbs.o
                0x0000000008000fe4                InitMBslave
 .text.InitMB   0x0000000008001018       0x74 ./Core/MB/str_mbs.o
                0x0000000008001018                InitMB
 .text.ReInitMB
                0x000000000800108c       0x30 ./Core/MB/str_mbs.o
                0x000000000800108c                ReInitMB
 .text.InitMBbufansver
                0x00000000080010bc       0x38 ./Core/MB/str_mbs.o
                0x00000000080010bc                InitMBbufansver
 .text.Parser   0x00000000080010f4      0x1e8 ./Core/MB/str_mbs.o
                0x00000000080010f4                Parser
 .text.WorkFunc3
                0x00000000080012dc      0x190 ./Core/MB/str_mbs.o
                0x00000000080012dc                WorkFunc3
 .text.WorkFunc4
                0x000000000800146c      0x198 ./Core/MB/str_mbs.o
                0x000000000800146c                WorkFunc4
 .text.WorkFunc6
                0x0000000008001604      0x150 ./Core/MB/str_mbs.o
                0x0000000008001604                WorkFunc6
 .text.WorkFunc16
                0x0000000008001754      0x1b0 ./Core/MB/str_mbs.o
                0x0000000008001754                WorkFunc16
 .text.WorkFunc17
                0x0000000008001904      0x22c ./Core/MB/str_mbs.o
                0x0000000008001904                WorkFunc17
 .text.WorkFunc65
                0x0000000008001b30      0x114 ./Core/MB/str_mbs.o
                0x0000000008001b30                WorkFunc65
 .text.isOurFunc
                0x0000000008001c44       0x50 ./Core/MB/str_mbs.o
                0x0000000008001c44                isOurFunc
 .text.HAL_TIM_PeriodElapsedCallback
                0x0000000008001c94       0x98 ./Core/MB/str_tim.o
                0x0000000008001c94                HAL_TIM_PeriodElapsedCallback
 .text.Start_Tim_Base_IT
                0x0000000008001d2c       0x14 ./Core/MB/str_tim.o
                0x0000000008001d2c                Start_Tim_Base_IT
 .text.Start35  0x0000000008001d40       0x40 ./Core/MB/str_tim.o
                0x0000000008001d40                Start35
 .text.Stop35   0x0000000008001d80       0x24 ./Core/MB/str_tim.o
                0x0000000008001d80                Stop35
 .text.isFlag35
                0x0000000008001da4       0x18 ./Core/MB/str_tim.o
                0x0000000008001da4                isFlag35
 .text.HAL_UART_RxCpltCallback
                0x0000000008001dbc       0x60 ./Core/MB/str_uart.o
                0x0000000008001dbc                HAL_UART_RxCpltCallback
 .text.HAL_UART_TxCpltCallback
                0x0000000008001e1c       0x14 ./Core/MB/str_uart.o
                0x0000000008001e1c                HAL_UART_TxCpltCallback
 .text.Start_Uart_Receive_IT
                0x0000000008001e30       0x1c ./Core/MB/str_uart.o
                0x0000000008001e30                Start_Uart_Receive_IT
 .text.MBwork   0x0000000008001e4c       0x98 ./Core/MB/str_uart.o
                0x0000000008001e4c                MBwork
 .text.MBansver
                0x0000000008001ee4       0x24 ./Core/MB/str_uart.o
                0x0000000008001ee4                MBansver
 .text.MBerransver
                0x0000000008001f08       0x24 ./Core/MB/str_uart.o
                0x0000000008001f08                MBerransver
 .text.main     0x0000000008001f2c       0x94 ./Core/Src/main.o
                0x0000000008001f2c                main
 .text.SystemClock_Config
                0x0000000008001fc0       0xa6 ./Core/Src/main.o
                0x0000000008001fc0                SystemClock_Config
 .text.MX_NVIC_Init
                0x0000000008002066       0x28 ./Core/Src/main.o
 *fill*         0x000000000800208e        0x2 
 .text.MX_RTC_Init
                0x0000000008002090       0xb8 ./Core/Src/main.o
 .text.MX_TIM2_Init
                0x0000000008002148       0x98 ./Core/Src/main.o
 .text.MX_USART2_UART_Init
                0x00000000080021e0       0x60 ./Core/Src/main.o
 .text.MX_GPIO_Init
                0x0000000008002240       0xcc ./Core/Src/main.o
 .text.Error_Handler
                0x000000000800230c        0xa ./Core/Src/main.o
                0x000000000800230c                Error_Handler
 *fill*         0x0000000008002316        0x2 
 .text.HAL_MspInit
                0x0000000008002318       0x48 ./Core/Src/stm32l4xx_hal_msp.o
                0x0000000008002318                HAL_MspInit
 .text.HAL_RTC_MspInit
                0x0000000008002360       0x64 ./Core/Src/stm32l4xx_hal_msp.o
                0x0000000008002360                HAL_RTC_MspInit
 .text.HAL_TIM_Base_MspInit
                0x00000000080023c4       0x3c ./Core/Src/stm32l4xx_hal_msp.o
                0x00000000080023c4                HAL_TIM_Base_MspInit
 .text.HAL_UART_MspInit
                0x0000000008002400       0xb8 ./Core/Src/stm32l4xx_hal_msp.o
                0x0000000008002400                HAL_UART_MspInit
 .text.NMI_Handler
                0x00000000080024b8        0x6 ./Core/Src/stm32l4xx_it.o
                0x00000000080024b8                NMI_Handler
 .text.HardFault_Handler
                0x00000000080024be        0x6 ./Core/Src/stm32l4xx_it.o
                0x00000000080024be                HardFault_Handler
 .text.MemManage_Handler
                0x00000000080024c4        0x6 ./Core/Src/stm32l4xx_it.o
                0x00000000080024c4                MemManage_Handler
 .text.BusFault_Handler
                0x00000000080024ca        0x6 ./Core/Src/stm32l4xx_it.o
                0x00000000080024ca                BusFault_Handler
 .text.UsageFault_Handler
                0x00000000080024d0        0x6 ./Core/Src/stm32l4xx_it.o
                0x00000000080024d0                UsageFault_Handler
 .text.SVC_Handler
                0x00000000080024d6        0xe ./Core/Src/stm32l4xx_it.o
                0x00000000080024d6                SVC_Handler
 .text.DebugMon_Handler
                0x00000000080024e4        0xe ./Core/Src/stm32l4xx_it.o
                0x00000000080024e4                DebugMon_Handler
 .text.PendSV_Handler
                0x00000000080024f2        0xe ./Core/Src/stm32l4xx_it.o
                0x00000000080024f2                PendSV_Handler
 .text.SysTick_Handler
                0x0000000008002500        0xc ./Core/Src/stm32l4xx_it.o
                0x0000000008002500                SysTick_Handler
 .text.TIM2_IRQHandler
                0x000000000800250c       0x14 ./Core/Src/stm32l4xx_it.o
                0x000000000800250c                TIM2_IRQHandler
 .text.USART2_IRQHandler
                0x0000000008002520       0x14 ./Core/Src/stm32l4xx_it.o
                0x0000000008002520                USART2_IRQHandler
 .text.SystemInit
                0x0000000008002534       0x24 ./Core/Src/system_stm32l4xx.o
                0x0000000008002534                SystemInit
 .text.Reset_Handler
                0x0000000008002558       0x50 ./Core/Startup/startup_stm32l476rgtx.o
                0x0000000008002558                Reset_Handler
 .text.Default_Handler
                0x00000000080025a8        0x2 ./Core/Startup/startup_stm32l476rgtx.o
                0x00000000080025a8                RTC_Alarm_IRQHandler
                0x00000000080025a8                EXTI2_IRQHandler
                0x00000000080025a8                TIM8_TRG_COM_IRQHandler
                0x00000000080025a8                TIM8_CC_IRQHandler
                0x00000000080025a8                TIM1_CC_IRQHandler
                0x00000000080025a8                TSC_IRQHandler
                0x00000000080025a8                TAMP_STAMP_IRQHandler
                0x00000000080025a8                EXTI3_IRQHandler
                0x00000000080025a8                LPTIM2_IRQHandler
                0x00000000080025a8                DFSDM1_FLT1_IRQHandler
                0x00000000080025a8                I2C3_ER_IRQHandler
                0x00000000080025a8                DFSDM1_FLT2_IRQHandler
                0x00000000080025a8                EXTI0_IRQHandler
                0x00000000080025a8                I2C2_EV_IRQHandler
                0x00000000080025a8                CAN1_RX0_IRQHandler
                0x00000000080025a8                FPU_IRQHandler
                0x00000000080025a8                TIM1_UP_TIM16_IRQHandler
                0x00000000080025a8                ADC1_2_IRQHandler
                0x00000000080025a8                SPI1_IRQHandler
                0x00000000080025a8                TIM6_DAC_IRQHandler
                0x00000000080025a8                TIM8_UP_IRQHandler
                0x00000000080025a8                DMA2_Channel2_IRQHandler
                0x00000000080025a8                DMA1_Channel4_IRQHandler
                0x00000000080025a8                SAI2_IRQHandler
                0x00000000080025a8                DFSDM1_FLT3_IRQHandler
                0x00000000080025a8                USART3_IRQHandler
                0x00000000080025a8                DMA1_Channel7_IRQHandler
                0x00000000080025a8                CAN1_RX1_IRQHandler
                0x00000000080025a8                LCD_IRQHandler
                0x00000000080025a8                UART5_IRQHandler
                0x00000000080025a8                ADC3_IRQHandler
                0x00000000080025a8                TIM4_IRQHandler
                0x00000000080025a8                DMA2_Channel1_IRQHandler
                0x00000000080025a8                QUADSPI_IRQHandler
                0x00000000080025a8                I2C1_EV_IRQHandler
                0x00000000080025a8                DMA1_Channel6_IRQHandler
                0x00000000080025a8                UART4_IRQHandler
                0x00000000080025a8                DMA2_Channel4_IRQHandler
                0x00000000080025a8                TIM3_IRQHandler
                0x00000000080025a8                RCC_IRQHandler
                0x00000000080025a8                DMA1_Channel1_IRQHandler
                0x00000000080025a8                Default_Handler
                0x00000000080025a8                DMA2_Channel7_IRQHandler
                0x00000000080025a8                EXTI15_10_IRQHandler
                0x00000000080025a8                TIM7_IRQHandler
                0x00000000080025a8                SDMMC1_IRQHandler
                0x00000000080025a8                TIM5_IRQHandler
                0x00000000080025a8                I2C3_EV_IRQHandler
                0x00000000080025a8                EXTI9_5_IRQHandler
                0x00000000080025a8                RTC_WKUP_IRQHandler
                0x00000000080025a8                PVD_PVM_IRQHandler
                0x00000000080025a8                SPI2_IRQHandler
                0x00000000080025a8                CAN1_TX_IRQHandler
                0x00000000080025a8                DMA2_Channel5_IRQHandler
                0x00000000080025a8                DMA1_Channel5_IRQHandler
                0x00000000080025a8                EXTI4_IRQHandler
                0x00000000080025a8                RNG_IRQHandler
                0x00000000080025a8                TIM1_TRG_COM_TIM17_IRQHandler
                0x00000000080025a8                DMA1_Channel3_IRQHandler
                0x00000000080025a8                COMP_IRQHandler
                0x00000000080025a8                WWDG_IRQHandler
                0x00000000080025a8                LPUART1_IRQHandler
                0x00000000080025a8                DMA2_Channel6_IRQHandler
                0x00000000080025a8                EXTI1_IRQHandler
                0x00000000080025a8                DFSDM1_FLT0_IRQHandler
                0x00000000080025a8                I2C2_ER_IRQHandler
                0x00000000080025a8                DMA1_Channel2_IRQHandler
                0x00000000080025a8                TIM8_BRK_IRQHandler
                0x00000000080025a8                CAN1_SCE_IRQHandler
                0x00000000080025a8                FLASH_IRQHandler
                0x00000000080025a8                USART1_IRQHandler
                0x00000000080025a8                OTG_FS_IRQHandler
                0x00000000080025a8                SPI3_IRQHandler
                0x00000000080025a8                I2C1_ER_IRQHandler
                0x00000000080025a8                FMC_IRQHandler
                0x00000000080025a8                SWPMI1_IRQHandler
                0x00000000080025a8                LPTIM1_IRQHandler
                0x00000000080025a8                SAI1_IRQHandler
                0x00000000080025a8                DMA2_Channel3_IRQHandler
                0x00000000080025a8                TIM1_BRK_TIM15_IRQHandler
 *fill*         0x00000000080025aa        0x2 
 .text.HAL_Init
                0x00000000080025ac       0x40 ./Drivers/STM32L4xx_HAL_Driver/Src/stm32l4xx_hal.o
                0x00000000080025ac                HAL_Init
 .text.HAL_InitTick
                0x00000000080025ec       0x78 ./Drivers/STM32L4xx_HAL_Driver/Src/stm32l4xx_hal.o
                0x00000000080025ec                HAL_InitTick
 .text.HAL_IncTick
                0x0000000008002664       0x28 ./Drivers/STM32L4xx_HAL_Driver/Src/stm32l4xx_hal.o
                0x0000000008002664                HAL_IncTick
 .text.HAL_GetTick
                0x000000000800268c       0x18 ./Drivers/STM32L4xx_HAL_Driver/Src/stm32l4xx_hal.o
                0x000000000800268c                HAL_GetTick
 .text.__NVIC_SetPriorityGrouping
                0x00000000080026a4       0x48 ./Drivers/STM32L4xx_HAL_Driver/Src/stm32l4xx_hal_cortex.o
 .text.__NVIC_GetPriorityGrouping
                0x00000000080026ec       0x1c ./Drivers/STM32L4xx_HAL_Driver/Src/stm32l4xx_hal_cortex.o
 .text.__NVIC_EnableIRQ
                0x0000000008002708       0x3c ./Drivers/STM32L4xx_HAL_Driver/Src/stm32l4xx_hal_cortex.o
 .text.__NVIC_SetPriority
                0x0000000008002744       0x54 ./Drivers/STM32L4xx_HAL_Driver/Src/stm32l4xx_hal_cortex.o
 .text.NVIC_EncodePriority
                0x0000000008002798       0x66 ./Drivers/STM32L4xx_HAL_Driver/Src/stm32l4xx_hal_cortex.o
 *fill*         0x00000000080027fe        0x2 
 .text.__NVIC_SystemReset
                0x0000000008002800       0x2c ./Drivers/STM32L4xx_HAL_Driver/Src/stm32l4xx_hal_cortex.o
 .text.SysTick_Config
                0x000000000800282c       0x44 ./Drivers/STM32L4xx_HAL_Driver/Src/stm32l4xx_hal_cortex.o
 .text.HAL_NVIC_SetPriorityGrouping
                0x0000000008002870       0x16 ./Drivers/STM32L4xx_HAL_Driver/Src/stm32l4xx_hal_cortex.o
                0x0000000008002870                HAL_NVIC_SetPriorityGrouping
 .text.HAL_NVIC_SetPriority
                0x0000000008002886       0x38 ./Drivers/STM32L4xx_HAL_Driver/Src/stm32l4xx_hal_cortex.o
                0x0000000008002886                HAL_NVIC_SetPriority
 .text.HAL_NVIC_EnableIRQ
                0x00000000080028be       0x1c ./Drivers/STM32L4xx_HAL_Driver/Src/stm32l4xx_hal_cortex.o
                0x00000000080028be                HAL_NVIC_EnableIRQ
 .text.HAL_NVIC_SystemReset
                0x00000000080028da        0x8 ./Drivers/STM32L4xx_HAL_Driver/Src/stm32l4xx_hal_cortex.o
                0x00000000080028da                HAL_NVIC_SystemReset
 .text.HAL_SYSTICK_Config
                0x00000000080028e2       0x18 ./Drivers/STM32L4xx_HAL_Driver/Src/stm32l4xx_hal_cortex.o
                0x00000000080028e2                HAL_SYSTICK_Config
 .text.HAL_DMA_Abort
                0x00000000080028fa       0x7c ./Drivers/STM32L4xx_HAL_Driver/Src/stm32l4xx_hal_dma.o
                0x00000000080028fa                HAL_DMA_Abort
 .text.HAL_DMA_Abort_IT
                0x0000000008002976       0x82 ./Drivers/STM32L4xx_HAL_Driver/Src/stm32l4xx_hal_dma.o
                0x0000000008002976                HAL_DMA_Abort_IT
 .text.HAL_FLASH_Program
                0x00000000080029f8       0xd8 ./Drivers/STM32L4xx_HAL_Driver/Src/stm32l4xx_hal_flash.o
                0x00000000080029f8                HAL_FLASH_Program
 .text.HAL_FLASH_Unlock
                0x0000000008002ad0       0x44 ./Drivers/STM32L4xx_HAL_Driver/Src/stm32l4xx_hal_flash.o
                0x0000000008002ad0                HAL_FLASH_Unlock
 .text.HAL_FLASH_Lock
                0x0000000008002b14       0x20 ./Drivers/STM32L4xx_HAL_Driver/Src/stm32l4xx_hal_flash.o
                0x0000000008002b14                HAL_FLASH_Lock
 .text.FLASH_WaitForLastOperation
                0x0000000008002b34       0xac ./Drivers/STM32L4xx_HAL_Driver/Src/stm32l4xx_hal_flash.o
                0x0000000008002b34                FLASH_WaitForLastOperation
 .text.FLASH_Program_DoubleWord
                0x0000000008002be0       0x4c ./Drivers/STM32L4xx_HAL_Driver/Src/stm32l4xx_hal_flash.o
 .text.FLASH_Program_Fast
                0x0000000008002c2c       0x6c ./Drivers/STM32L4xx_HAL_Driver/Src/stm32l4xx_hal_flash.o
 .text.HAL_FLASHEx_Erase
                0x0000000008002c98      0x138 ./Drivers/STM32L4xx_HAL_Driver/Src/stm32l4xx_hal_flash_ex.o
                0x0000000008002c98                HAL_FLASHEx_Erase
 .text.FLASH_MassErase
                0x0000000008002dd0       0x50 ./Drivers/STM32L4xx_HAL_Driver/Src/stm32l4xx_hal_flash_ex.o
 .text.FLASH_PageErase
                0x0000000008002e20       0x6c ./Drivers/STM32L4xx_HAL_Driver/Src/stm32l4xx_hal_flash_ex.o
                0x0000000008002e20                FLASH_PageErase
 .text.FLASH_FlushCaches
                0x0000000008002e8c       0x94 ./Drivers/STM32L4xx_HAL_Driver/Src/stm32l4xx_hal_flash_ex.o
                0x0000000008002e8c                FLASH_FlushCaches
 .text.HAL_GPIO_Init
                0x0000000008002f20      0x354 ./Drivers/STM32L4xx_HAL_Driver/Src/stm32l4xx_hal_gpio.o
                0x0000000008002f20                HAL_GPIO_Init
 .text.HAL_GPIO_WritePin
                0x0000000008003274       0x30 ./Drivers/STM32L4xx_HAL_Driver/Src/stm32l4xx_hal_gpio.o
                0x0000000008003274                HAL_GPIO_WritePin
 .text.HAL_GPIO_TogglePin
                0x00000000080032a4       0x34 ./Drivers/STM32L4xx_HAL_Driver/Src/stm32l4xx_hal_gpio.o
                0x00000000080032a4                HAL_GPIO_TogglePin
 .text.HAL_PWREx_GetVoltageRange
                0x00000000080032d8       0x1c ./Drivers/STM32L4xx_HAL_Driver/Src/stm32l4xx_hal_pwr_ex.o
                0x00000000080032d8                HAL_PWREx_GetVoltageRange
 .text.HAL_PWREx_ControlVoltageScaling
                0x00000000080032f4       0xac ./Drivers/STM32L4xx_HAL_Driver/Src/stm32l4xx_hal_pwr_ex.o
                0x00000000080032f4                HAL_PWREx_ControlVoltageScaling
 .text.HAL_RCC_OscConfig
                0x00000000080033a0      0x7b4 ./Drivers/STM32L4xx_HAL_Driver/Src/stm32l4xx_hal_rcc.o
                0x00000000080033a0                HAL_RCC_OscConfig
 .text.HAL_RCC_ClockConfig
                0x0000000008003b54      0x200 ./Drivers/STM32L4xx_HAL_Driver/Src/stm32l4xx_hal_rcc.o
                0x0000000008003b54                HAL_RCC_ClockConfig
 .text.HAL_RCC_GetSysClockFreq
                0x0000000008003d54      0x118 ./Drivers/STM32L4xx_HAL_Driver/Src/stm32l4xx_hal_rcc.o
                0x0000000008003d54                HAL_RCC_GetSysClockFreq
 .text.HAL_RCC_GetHCLKFreq
                0x0000000008003e6c       0x18 ./Drivers/STM32L4xx_HAL_Driver/Src/stm32l4xx_hal_rcc.o
                0x0000000008003e6c                HAL_RCC_GetHCLKFreq
 .text.HAL_RCC_GetPCLK1Freq
                0x0000000008003e84       0x2c ./Drivers/STM32L4xx_HAL_Driver/Src/stm32l4xx_hal_rcc.o
                0x0000000008003e84                HAL_RCC_GetPCLK1Freq
 .text.HAL_RCC_GetPCLK2Freq
                0x0000000008003eb0       0x2c ./Drivers/STM32L4xx_HAL_Driver/Src/stm32l4xx_hal_rcc.o
                0x0000000008003eb0                HAL_RCC_GetPCLK2Freq
 .text.RCC_SetFlashLatencyFromMSIRange
                0x0000000008003edc       0xc0 ./Drivers/STM32L4xx_HAL_Driver/Src/stm32l4xx_hal_rcc.o
 .text.HAL_RCCEx_PeriphCLKConfig
                0x0000000008003f9c      0x5d4 ./Drivers/STM32L4xx_HAL_Driver/Src/stm32l4xx_hal_rcc_ex.o
                0x0000000008003f9c                HAL_RCCEx_PeriphCLKConfig
 .text.RCCEx_PLLSAI1_Config
                0x0000000008004570      0x1e8 ./Drivers/STM32L4xx_HAL_Driver/Src/stm32l4xx_hal_rcc_ex.o
 .text.RCCEx_PLLSAI2_Config
                0x0000000008004758      0x1bc ./Drivers/STM32L4xx_HAL_Driver/Src/stm32l4xx_hal_rcc_ex.o
 .text.HAL_RTC_Init
                0x0000000008004914       0xf6 ./Drivers/STM32L4xx_HAL_Driver/Src/stm32l4xx_hal_rtc.o
                0x0000000008004914                HAL_RTC_Init
 .text.HAL_RTC_SetTime
                0x0000000008004a0a      0x13a ./Drivers/STM32L4xx_HAL_Driver/Src/stm32l4xx_hal_rtc.o
                0x0000000008004a0a                HAL_RTC_SetTime
 .text.HAL_RTC_SetDate
                0x0000000008004b44      0x10e ./Drivers/STM32L4xx_HAL_Driver/Src/stm32l4xx_hal_rtc.o
                0x0000000008004b44                HAL_RTC_SetDate
 .text.HAL_RTC_WaitForSynchro
                0x0000000008004c52       0x4c ./Drivers/STM32L4xx_HAL_Driver/Src/stm32l4xx_hal_rtc.o
                0x0000000008004c52                HAL_RTC_WaitForSynchro
 .text.RTC_EnterInitMode
                0x0000000008004c9e       0x66 ./Drivers/STM32L4xx_HAL_Driver/Src/stm32l4xx_hal_rtc.o
                0x0000000008004c9e                RTC_EnterInitMode
 .text.RTC_ExitInitMode
                0x0000000008004d04       0x7c ./Drivers/STM32L4xx_HAL_Driver/Src/stm32l4xx_hal_rtc.o
                0x0000000008004d04                RTC_ExitInitMode
 .text.RTC_ByteToBcd2
                0x0000000008004d80       0x40 ./Drivers/STM32L4xx_HAL_Driver/Src/stm32l4xx_hal_rtc.o
                0x0000000008004d80                RTC_ByteToBcd2
 .text.HAL_TIM_Base_Init
                0x0000000008004dc0       0xae ./Drivers/STM32L4xx_HAL_Driver/Src/stm32l4xx_hal_tim.o
                0x0000000008004dc0                HAL_TIM_Base_Init
 *fill*         0x0000000008004e6e        0x2 
 .text.HAL_TIM_Base_Start_IT
                0x0000000008004e70       0xe0 ./Drivers/STM32L4xx_HAL_Driver/Src/stm32l4xx_hal_tim.o
                0x0000000008004e70                HAL_TIM_Base_Start_IT
 .text.HAL_TIM_IRQHandler
                0x0000000008004f50      0x23e ./Drivers/STM32L4xx_HAL_Driver/Src/stm32l4xx_hal_tim.o
                0x0000000008004f50                HAL_TIM_IRQHandler
 .text.HAL_TIM_ConfigClockSource
                0x000000000800518e      0x192 ./Drivers/STM32L4xx_HAL_Driver/Src/stm32l4xx_hal_tim.o
                0x000000000800518e                HAL_TIM_ConfigClockSource
 .text.HAL_TIM_OC_DelayElapsedCallback
                0x0000000008005320       0x14 ./Drivers/STM32L4xx_HAL_Driver/Src/stm32l4xx_hal_tim.o
                0x0000000008005320                HAL_TIM_OC_DelayElapsedCallback
 .text.HAL_TIM_IC_CaptureCallback
                0x0000000008005334       0x14 ./Drivers/STM32L4xx_HAL_Driver/Src/stm32l4xx_hal_tim.o
                0x0000000008005334                HAL_TIM_IC_CaptureCallback
 .text.HAL_TIM_PWM_PulseFinishedCallback
                0x0000000008005348       0x14 ./Drivers/STM32L4xx_HAL_Driver/Src/stm32l4xx_hal_tim.o
                0x0000000008005348                HAL_TIM_PWM_PulseFinishedCallback
 .text.HAL_TIM_TriggerCallback
                0x000000000800535c       0x14 ./Drivers/STM32L4xx_HAL_Driver/Src/stm32l4xx_hal_tim.o
                0x000000000800535c                HAL_TIM_TriggerCallback
 .text.TIM_Base_SetConfig
                0x0000000008005370      0x134 ./Drivers/STM32L4xx_HAL_Driver/Src/stm32l4xx_hal_tim.o
                0x0000000008005370                TIM_Base_SetConfig
 .text.TIM_TI1_ConfigInputStage
                0x00000000080054a4       0x5e ./Drivers/STM32L4xx_HAL_Driver/Src/stm32l4xx_hal_tim.o
 .text.TIM_TI2_ConfigInputStage
                0x0000000008005502       0x60 ./Drivers/STM32L4xx_HAL_Driver/Src/stm32l4xx_hal_tim.o
 .text.TIM_ITRx_SetConfig
                0x0000000008005562       0x36 ./Drivers/STM32L4xx_HAL_Driver/Src/stm32l4xx_hal_tim.o
 .text.TIM_ETR_SetConfig
                0x0000000008005598       0x40 ./Drivers/STM32L4xx_HAL_Driver/Src/stm32l4xx_hal_tim.o
                0x0000000008005598                TIM_ETR_SetConfig
 .text.HAL_TIMEx_MasterConfigSynchronization
                0x00000000080055d8      0x110 ./Drivers/STM32L4xx_HAL_Driver/Src/stm32l4xx_hal_tim_ex.o
                0x00000000080055d8                HAL_TIMEx_MasterConfigSynchronization
 .text.HAL_TIMEx_CommutCallback
                0x00000000080056e8       0x14 ./Drivers/STM32L4xx_HAL_Driver/Src/stm32l4xx_hal_tim_ex.o
                0x00000000080056e8                HAL_TIMEx_CommutCallback
 .text.HAL_TIMEx_BreakCallback
                0x00000000080056fc       0x14 ./Drivers/STM32L4xx_HAL_Driver/Src/stm32l4xx_hal_tim_ex.o
                0x00000000080056fc                HAL_TIMEx_BreakCallback
 .text.HAL_TIMEx_Break2Callback
                0x0000000008005710       0x14 ./Drivers/STM32L4xx_HAL_Driver/Src/stm32l4xx_hal_tim_ex.o
                0x0000000008005710                HAL_TIMEx_Break2Callback
 .text.HAL_UART_Init
                0x0000000008005724       0x9c ./Drivers/STM32L4xx_HAL_Driver/Src/stm32l4xx_hal_uart.o
                0x0000000008005724                HAL_UART_Init
 .text.HAL_UART_Transmit_IT
                0x00000000080057c0       0xdc ./Drivers/STM32L4xx_HAL_Driver/Src/stm32l4xx_hal_uart.o
                0x00000000080057c0                HAL_UART_Transmit_IT
 .text.HAL_UART_Receive_IT
                0x000000000800589c       0xac ./Drivers/STM32L4xx_HAL_Driver/Src/stm32l4xx_hal_uart.o
                0x000000000800589c                HAL_UART_Receive_IT
 .text.HAL_UART_IRQHandler
                0x0000000008005948      0x5c4 ./Drivers/STM32L4xx_HAL_Driver/Src/stm32l4xx_hal_uart.o
                0x0000000008005948                HAL_UART_IRQHandler
 .text.HAL_UART_ErrorCallback
                0x0000000008005f0c       0x14 ./Drivers/STM32L4xx_HAL_Driver/Src/stm32l4xx_hal_uart.o
                0x0000000008005f0c                HAL_UART_ErrorCallback
 .text.HAL_UARTEx_RxEventCallback
                0x0000000008005f20       0x18 ./Drivers/STM32L4xx_HAL_Driver/Src/stm32l4xx_hal_uart.o
                0x0000000008005f20                HAL_UARTEx_RxEventCallback
 .text.UART_SetConfig
                0x0000000008005f38      0x514 ./Drivers/STM32L4xx_HAL_Driver/Src/stm32l4xx_hal_uart.o
                0x0000000008005f38                UART_SetConfig
 .text.UART_AdvFeatureConfig
                0x000000000800644c      0x144 ./Drivers/STM32L4xx_HAL_Driver/Src/stm32l4xx_hal_uart.o
                0x000000000800644c                UART_AdvFeatureConfig
 .text.UART_CheckIdleState
                0x0000000008006590       0x92 ./Drivers/STM32L4xx_HAL_Driver/Src/stm32l4xx_hal_uart.o
                0x0000000008006590                UART_CheckIdleState
 .text.UART_WaitOnFlagUntilTimeout
                0x0000000008006622      0x188 ./Drivers/STM32L4xx_HAL_Driver/Src/stm32l4xx_hal_uart.o
                0x0000000008006622                UART_WaitOnFlagUntilTimeout
 *fill*         0x00000000080067aa        0x2 
 .text.UART_Start_Receive_IT
                0x00000000080067ac      0x194 ./Drivers/STM32L4xx_HAL_Driver/Src/stm32l4xx_hal_uart.o
                0x00000000080067ac                UART_Start_Receive_IT
 .text.UART_EndRxTransfer
                0x0000000008006940       0xc6 ./Drivers/STM32L4xx_HAL_Driver/Src/stm32l4xx_hal_uart.o
 .text.UART_DMAAbortOnError
                0x0000000008006a06       0x2c ./Drivers/STM32L4xx_HAL_Driver/Src/stm32l4xx_hal_uart.o
 .text.UART_TxISR_8BIT
                0x0000000008006a32       0xb8 ./Drivers/STM32L4xx_HAL_Driver/Src/stm32l4xx_hal_uart.o
 .text.UART_TxISR_16BIT
                0x0000000008006aea       0xc0 ./Drivers/STM32L4xx_HAL_Driver/Src/stm32l4xx_hal_uart.o
 .text.UART_EndTransmit_IT
                0x0000000008006baa       0x54 ./Drivers/STM32L4xx_HAL_Driver/Src/stm32l4xx_hal_uart.o
 .text.UART_RxISR_8BIT
                0x0000000008006bfe      0x160 ./Drivers/STM32L4xx_HAL_Driver/Src/stm32l4xx_hal_uart.o
 .text.UART_RxISR_16BIT
                0x0000000008006d5e      0x160 ./Drivers/STM32L4xx_HAL_Driver/Src/stm32l4xx_hal_uart.o
 .text.HAL_UARTEx_WakeupCallback
                0x0000000008006ebe       0x14 ./Drivers/STM32L4xx_HAL_Driver/Src/stm32l4xx_hal_uart_ex.o
                0x0000000008006ebe                HAL_UARTEx_WakeupCallback
 *fill*         0x0000000008006ed2        0x2 
 .text.__libc_init_array
                0x0000000008006ed4       0x48 /opt/st/stm32cubeide_1.7.0/plugins/com.st.stm32cube.ide.mcu.externaltools.gnu-tools-for-stm32.9-2020-q2-update.linux64_2.0.0.202105311346/tools/bin/../lib/gcc/arm-none-eabi/9.3.1/../../../../arm-none-eabi/lib/thumb/v7e-m+fp/hard/libc_nano.a(lib_a-init.o)
                0x0000000008006ed4                __libc_init_array
 .text.memset   0x0000000008006f1c       0x10 /opt/st/stm32cubeide_1.7.0/plugins/com.st.stm32cube.ide.mcu.externaltools.gnu-tools-for-stm32.9-2020-q2-update.linux64_2.0.0.202105311346/tools/bin/../lib/gcc/arm-none-eabi/9.3.1/../../../../arm-none-eabi/lib/thumb/v7e-m+fp/hard/libc_nano.a(lib_a-memset.o)
                0x0000000008006f1c                memset
 *(.glue_7)
 .glue_7        0x0000000008006f2c        0x0 linker stubs
 *(.glue_7t)
 .glue_7t       0x0000000008006f2c        0x0 linker stubs
 *(.eh_frame)
 .eh_frame      0x0000000008006f2c        0x0 /opt/st/stm32cubeide_1.7.0/plugins/com.st.stm32cube.ide.mcu.externaltools.gnu-tools-for-stm32.9-2020-q2-update.linux64_2.0.0.202105311346/tools/bin/../lib/gcc/arm-none-eabi/9.3.1/thumb/v7e-m+fp/hard/crtbegin.o
 *(.init)
 .init          0x0000000008006f2c        0x4 /opt/st/stm32cubeide_1.7.0/plugins/com.st.stm32cube.ide.mcu.externaltools.gnu-tools-for-stm32.9-2020-q2-update.linux64_2.0.0.202105311346/tools/bin/../lib/gcc/arm-none-eabi/9.3.1/thumb/v7e-m+fp/hard/crti.o
                0x0000000008006f2c                _init
 .init          0x0000000008006f30        0x8 /opt/st/stm32cubeide_1.7.0/plugins/com.st.stm32cube.ide.mcu.externaltools.gnu-tools-for-stm32.9-2020-q2-update.linux64_2.0.0.202105311346/tools/bin/../lib/gcc/arm-none-eabi/9.3.1/thumb/v7e-m+fp/hard/crtn.o
 *(.fini)
 .fini          0x0000000008006f38        0x4 /opt/st/stm32cubeide_1.7.0/plugins/com.st.stm32cube.ide.mcu.externaltools.gnu-tools-for-stm32.9-2020-q2-update.linux64_2.0.0.202105311346/tools/bin/../lib/gcc/arm-none-eabi/9.3.1/thumb/v7e-m+fp/hard/crti.o
                0x0000000008006f38                _fini
 .fini          0x0000000008006f3c        0x8 /opt/st/stm32cubeide_1.7.0/plugins/com.st.stm32cube.ide.mcu.externaltools.gnu-tools-for-stm32.9-2020-q2-update.linux64_2.0.0.202105311346/tools/bin/../lib/gcc/arm-none-eabi/9.3.1/thumb/v7e-m+fp/hard/crtn.o
                0x0000000008006f44                . = ALIGN (0x4)
                0x0000000008006f44                _etext = .

.vfp11_veneer   0x0000000008006f44        0x0
 .vfp11_veneer  0x0000000008006f44        0x0 linker stubs

.v4_bx          0x0000000008006f44        0x0
 .v4_bx         0x0000000008006f44        0x0 linker stubs

.iplt           0x0000000008006f44        0x0
 .iplt          0x0000000008006f44        0x0 /opt/st/stm32cubeide_1.7.0/plugins/com.st.stm32cube.ide.mcu.externaltools.gnu-tools-for-stm32.9-2020-q2-update.linux64_2.0.0.202105311346/tools/bin/../lib/gcc/arm-none-eabi/9.3.1/thumb/v7e-m+fp/hard/crtbegin.o

.rodata         0x0000000008006f44      0x1dc
                0x0000000008006f44                . = ALIGN (0x4)
 *(.rodata)
 .rodata        0x0000000008006f44      0x18c ./Core/MB/str_mbregisters.o
 *(.rodata*)
 .rodata.FnMB   0x00000000080070d0        0x6 ./Core/MB/str_mbs.o
                0x00000000080070d0                FnMB
 *fill*         0x00000000080070d6        0x2 
 .rodata.AHBPrescTable
                0x00000000080070d8       0x10 ./Core/Src/system_stm32l4xx.o
                0x00000000080070d8                AHBPrescTable
 .rodata.APBPrescTable
                0x00000000080070e8        0x8 ./Core/Src/system_stm32l4xx.o
                0x00000000080070e8                APBPrescTable
 .rodata.MSIRangeTable
                0x00000000080070f0       0x30 ./Core/Src/system_stm32l4xx.o
                0x00000000080070f0                MSIRangeTable
                0x0000000008007120                . = ALIGN (0x4)

.ARM.extab      0x0000000008007120        0x0
                0x0000000008007120                . = ALIGN (0x4)
 *(.ARM.extab* .gnu.linkonce.armextab.*)
                0x0000000008007120                . = ALIGN (0x4)

.ARM            0x0000000008007120        0x8
                0x0000000008007120                . = ALIGN (0x4)
                0x0000000008007120                __exidx_start = .
 *(.ARM.exidx*)
 .ARM.exidx     0x0000000008007120        0x8 /opt/st/stm32cubeide_1.7.0/plugins/com.st.stm32cube.ide.mcu.externaltools.gnu-tools-for-stm32.9-2020-q2-update.linux64_2.0.0.202105311346/tools/bin/../lib/gcc/arm-none-eabi/9.3.1/thumb/v7e-m+fp/hard/libgcc.a(_udivmoddi4.o)
                0x0000000008007128                __exidx_end = .
                0x0000000008007128                . = ALIGN (0x4)

.rel.dyn        0x0000000008007128        0x0
 .rel.iplt      0x0000000008007128        0x0 /opt/st/stm32cubeide_1.7.0/plugins/com.st.stm32cube.ide.mcu.externaltools.gnu-tools-for-stm32.9-2020-q2-update.linux64_2.0.0.202105311346/tools/bin/../lib/gcc/arm-none-eabi/9.3.1/thumb/v7e-m+fp/hard/crtbegin.o

.preinit_array  0x0000000008007128        0x0
                0x0000000008007128                . = ALIGN (0x4)
                0x0000000008007128                PROVIDE (__preinit_array_start = .)
 *(.preinit_array*)
                0x0000000008007128                PROVIDE (__preinit_array_end = .)
                0x0000000008007128                . = ALIGN (0x4)

.init_array     0x0000000008007128        0x4
                0x0000000008007128                . = ALIGN (0x4)
                0x0000000008007128                PROVIDE (__init_array_start = .)
 *(SORT_BY_NAME(.init_array.*))
 *(.init_array*)
 .init_array    0x0000000008007128        0x4 /opt/st/stm32cubeide_1.7.0/plugins/com.st.stm32cube.ide.mcu.externaltools.gnu-tools-for-stm32.9-2020-q2-update.linux64_2.0.0.202105311346/tools/bin/../lib/gcc/arm-none-eabi/9.3.1/thumb/v7e-m+fp/hard/crtbegin.o
                0x000000000800712c                PROVIDE (__init_array_end = .)
                0x000000000800712c                . = ALIGN (0x4)

.fini_array     0x000000000800712c        0x4
                0x000000000800712c                . = ALIGN (0x4)
                [!provide]                        PROVIDE (__fini_array_start = .)
 *(SORT_BY_NAME(.fini_array.*))
 *(.fini_array*)
 .fini_array    0x000000000800712c        0x4 /opt/st/stm32cubeide_1.7.0/plugins/com.st.stm32cube.ide.mcu.externaltools.gnu-tools-for-stm32.9-2020-q2-update.linux64_2.0.0.202105311346/tools/bin/../lib/gcc/arm-none-eabi/9.3.1/thumb/v7e-m+fp/hard/crtbegin.o
                [!provide]                        PROVIDE (__fini_array_end = .)
                0x0000000008007130                . = ALIGN (0x4)
                0x0000000008007130                _sidata = LOADADDR (.data)

.data           0x0000000020000000      0x124 load address 0x0000000008007130
                0x0000000020000000                . = ALIGN (0x4)
                0x0000000020000000                _sdata = .
 *(.data)
 *(.data*)
 .data.UniqueID
                0x0000000020000000        0x4 ./Core/Common/str_flash.o
                0x0000000020000000                UniqueID
 .data.FlashSize
                0x0000000020000004        0x4 ./Core/Common/str_flash.o
                0x0000000020000004                FlashSize
 .data.period   0x0000000020000008        0x4 ./Core/Common/str_service.o
                0x0000000020000008                period
 .data.InfoRgINP
                0x000000002000000c       0x78 ./Core/MB/str_mbregisters.o
                0x000000002000000c                InfoRgINP
 .data.InfoRgHLD
                0x0000000020000084       0x5c ./Core/MB/str_mbregisters.o
                0x0000000020000084                InfoRgHLD
 .data.Fmb      0x00000000200000e0        0x1 ./Core/MB/str_mbs.o
                0x00000000200000e0                Fmb
 *fill*         0x00000000200000e1        0x3 
 .data.zazor35  0x00000000200000e4       0x10 ./Core/MB/str_tim.o
                0x00000000200000e4                zazor35
 .data.zazcnt35
                0x00000000200000f4        0x2 ./Core/MB/str_tim.o
                0x00000000200000f4                zazcnt35
 .data.zazcnt15
                0x00000000200000f6        0x2 ./Core/MB/str_tim.o
                0x00000000200000f6                zazcnt15
 .data.SystemCoreClock
                0x00000000200000f8        0x4 ./Core/Src/system_stm32l4xx.o
                0x00000000200000f8                SystemCoreClock
 .data.uwTickPrio
                0x00000000200000fc        0x4 ./Drivers/STM32L4xx_HAL_Driver/Src/stm32l4xx_hal.o
                0x00000000200000fc                uwTickPrio
 .data.uwTickFreq
                0x0000000020000100        0x1 ./Drivers/STM32L4xx_HAL_Driver/Src/stm32l4xx_hal.o
                0x0000000020000100                uwTickFreq
 *fill*         0x0000000020000101        0x3 
 .data.pFlash   0x0000000020000104       0x20 ./Drivers/STM32L4xx_HAL_Driver/Src/stm32l4xx_hal_flash.o
                0x0000000020000104                pFlash
 *(.RamFunc)
 *(.RamFunc*)
                0x0000000020000124                . = ALIGN (0x4)
                0x0000000020000124                _edata = .

.igot.plt       0x0000000020000124        0x0 load address 0x0000000008007254
 .igot.plt      0x0000000020000124        0x0 /opt/st/stm32cubeide_1.7.0/plugins/com.st.stm32cube.ide.mcu.externaltools.gnu-tools-for-stm32.9-2020-q2-update.linux64_2.0.0.202105311346/tools/bin/../lib/gcc/arm-none-eabi/9.3.1/thumb/v7e-m+fp/hard/crtbegin.o
                0x0000000020000124                . = ALIGN (0x4)

.bss            0x0000000020000124      0x4d8 load address 0x0000000008007254
                0x0000000020000124                _sbss = .
                0x0000000020000124                __bss_start__ = _sbss
 *(.bss)
 .bss           0x0000000020000124       0x1c /opt/st/stm32cubeide_1.7.0/plugins/com.st.stm32cube.ide.mcu.externaltools.gnu-tools-for-stm32.9-2020-q2-update.linux64_2.0.0.202105311346/tools/bin/../lib/gcc/arm-none-eabi/9.3.1/thumb/v7e-m+fp/hard/crtbegin.o
 *(.bss*)
 .bss.FirstPage
                0x0000000020000140        0x4 ./Core/Common/str_flash.o
                0x0000000020000140                FirstPage
 .bss.NbOfPages
                0x0000000020000144        0x4 ./Core/Common/str_flash.o
                0x0000000020000144                NbOfPages
 .bss.BankNumber
                0x0000000020000148        0x4 ./Core/Common/str_flash.o
                0x0000000020000148                BankNumber
 .bss.Address   0x000000002000014c        0x4 ./Core/Common/str_flash.o
                0x000000002000014c                Address
 .bss.PageError
                0x0000000020000150        0x4 ./Core/Common/str_flash.o
                0x0000000020000150                PageError
 .bss.BufFlash  0x0000000020000154       0x28 ./Core/Common/str_flash.o
                0x0000000020000154                BufFlash
 .bss.BufFlash16
                0x000000002000017c       0x28 ./Core/Common/str_flash.o
                0x000000002000017c                BufFlash16
 .bss.tck       0x00000000200001a4        0x4 ./Core/Common/str_service.o
                0x00000000200001a4                tck
 .bss.now       0x00000000200001a8        0x4 ./Core/Common/str_service.o
                0x00000000200001a8                now
 .bss.dir.11376
                0x00000000200001ac        0x1 ./Core/Common/str_service.o
 *fill*         0x00000000200001ad        0x1 
 .bss.t.11379   0x00000000200001ae        0x2 ./Core/Common/str_service.o
 .bss.old.11378
                0x00000000200001b0        0x2 ./Core/Common/str_service.o
 .bss.res.11377
                0x00000000200001b2        0x2 ./Core/Common/str_service.o
 .bss.flCompareUID
                0x00000000200001b4        0x1 ./Core/MB/str_mbregisters.o
                0x00000000200001b4                flCompareUID
 .bss.eErrMb    0x00000000200001b5        0x1 ./Core/MB/str_mbs.o
                0x00000000200001b5                eErrMb
 .bss.t_crc     0x00000000200001b6        0x2 ./Core/MB/str_mbs.o
                0x00000000200001b6                t_crc
 .bss.t_crc1    0x00000000200001b8        0x2 ./Core/MB/str_mbs.o
                0x00000000200001b8                t_crc1
 .bss.en35      0x00000000200001ba        0x1 ./Core/MB/str_tim.o
                0x00000000200001ba                en35
 .bss.en15      0x00000000200001bb        0x1 ./Core/MB/str_tim.o
                0x00000000200001bb                en15
 .bss.flag_zazor35
                0x00000000200001bc        0x1 ./Core/MB/str_tim.o
                0x00000000200001bc                flag_zazor35
 .bss.flag_zazor15
                0x00000000200001bd        0x1 ./Core/MB/str_tim.o
                0x00000000200001bd                flag_zazor15
 .bss.sz        0x00000000200001be        0x2 ./Core/MB/str_uart.o
                0x00000000200001be                sz
 *(COMMON)
 COMMON         0x00000000200001c0       0x8c ./Core/Common/str_fifo.o
                0x00000000200001c0                ringUSART2
                0x0000000020000240                Fifo
                0x0000000020000248                pFifo
 COMMON         0x000000002000024c       0x24 ./Core/Common/str_flash.o
                0x000000002000024c                EraseInitStruct
                0x000000002000025c                UID
                0x0000000020000268                FSZ
                0x000000002000026c                PAGEError
 COMMON         0x0000000020000270      0x190 ./Core/MB/str_mbs.o
                0x0000000020000270                inp
                0x00000000200002ac                message
                0x000000002000032c                ringUSART
                0x00000000200003ac                errmessage
                0x00000000200003b4                hld
                0x00000000200003e4                Mbs
                0x00000000200003fc                pMbs
 COMMON         0x0000000020000400      0x104 ./Core/MB/str_uart.o
                0x0000000020000400                Rx_dataUSART2
                0x0000000020000404                bufferUSART2
                0x0000000020000484                Rx_bufferUSART2
 COMMON         0x0000000020000504       0xf4 ./Core/Src/main.o
                0x0000000020000504                hrtc
                0x0000000020000528                htim2
                0x0000000020000574                huart2
 COMMON         0x00000000200005f8        0x4 ./Drivers/STM32L4xx_HAL_Driver/Src/stm32l4xx_hal.o
                0x00000000200005f8                uwTick
                0x00000000200005fc                . = ALIGN (0x4)
                0x00000000200005fc                _ebss = .
                0x00000000200005fc                __bss_end__ = _ebss

._user_heap_stack
                0x00000000200005fc      0x604 load address 0x0000000008007254
                0x0000000020000600                . = ALIGN (0x8)
 *fill*         0x00000000200005fc        0x4 
                [!provide]                        PROVIDE (end = .)
                0x0000000020000600                PROVIDE (_end = .)
                0x0000000020000800                . = (. + _Min_Heap_Size)
 *fill*         0x0000000020000600      0x200 
                0x0000000020000c00                . = (. + _Min_Stack_Size)
 *fill*         0x0000000020000800      0x400 
                0x0000000020000c00                . = ALIGN (0x8)

/DISCARD/
 libc.a(*)
 libm.a(*)
 libgcc.a(*)

.ARM.attributes
                0x0000000000000000       0x30
 *(.ARM.attributes)
 .ARM.attributes
                0x0000000000000000       0x1e /opt/st/stm32cubeide_1.7.0/plugins/com.st.stm32cube.ide.mcu.externaltools.gnu-tools-for-stm32.9-2020-q2-update.linux64_2.0.0.202105311346/tools/bin/../lib/gcc/arm-none-eabi/9.3.1/thumb/v7e-m+fp/hard/crti.o
 .ARM.attributes
                0x000000000000001e       0x34 /opt/st/stm32cubeide_1.7.0/plugins/com.st.stm32cube.ide.mcu.externaltools.gnu-tools-for-stm32.9-2020-q2-update.linux64_2.0.0.202105311346/tools/bin/../lib/gcc/arm-none-eabi/9.3.1/thumb/v7e-m+fp/hard/crtbegin.o
 .ARM.attributes
                0x0000000000000052       0x34 ./Core/Common/Leds.o
 .ARM.attributes
                0x0000000000000086       0x34 ./Core/Common/str_fifo.o
 .ARM.attributes
                0x00000000000000ba       0x34 ./Core/Common/str_flash.o
 .ARM.attributes
                0x00000000000000ee       0x34 ./Core/Common/str_mathcommon.o
 .ARM.attributes
                0x0000000000000122       0x34 ./Core/Common/str_service.o
 .ARM.attributes
                0x0000000000000156       0x34 ./Core/MB/str_mbregisters.o
 .ARM.attributes
                0x000000000000018a       0x34 ./Core/MB/str_mbs.o
 .ARM.attributes
                0x00000000000001be       0x34 ./Core/MB/str_tim.o
 .ARM.attributes
                0x00000000000001f2       0x34 ./Core/MB/str_uart.o
 .ARM.attributes
                0x0000000000000226       0x34 ./Core/Src/main.o
 .ARM.attributes
                0x000000000000025a       0x34 ./Core/Src/stm32l4xx_hal_msp.o
 .ARM.attributes
                0x000000000000028e       0x34 ./Core/Src/stm32l4xx_it.o
 .ARM.attributes
                0x00000000000002c2       0x34 ./Core/Src/system_stm32l4xx.o
 .ARM.attributes
                0x00000000000002f6       0x21 ./Core/Startup/startup_stm32l476rgtx.o
 .ARM.attributes
                0x0000000000000317       0x34 ./Drivers/STM32L4xx_HAL_Driver/Src/stm32l4xx_hal.o
 .ARM.attributes
                0x000000000000034b       0x34 ./Drivers/STM32L4xx_HAL_Driver/Src/stm32l4xx_hal_cortex.o
 .ARM.attributes
                0x000000000000037f       0x34 ./Drivers/STM32L4xx_HAL_Driver/Src/stm32l4xx_hal_dma.o
 .ARM.attributes
                0x00000000000003b3       0x34 ./Drivers/STM32L4xx_HAL_Driver/Src/stm32l4xx_hal_flash.o
 .ARM.attributes
                0x00000000000003e7       0x34 ./Drivers/STM32L4xx_HAL_Driver/Src/stm32l4xx_hal_flash_ex.o
 .ARM.attributes
                0x000000000000041b       0x34 ./Drivers/STM32L4xx_HAL_Driver/Src/stm32l4xx_hal_gpio.o
 .ARM.attributes
                0x000000000000044f       0x34 ./Drivers/STM32L4xx_HAL_Driver/Src/stm32l4xx_hal_pwr_ex.o
 .ARM.attributes
                0x0000000000000483       0x34 ./Drivers/STM32L4xx_HAL_Driver/Src/stm32l4xx_hal_rcc.o
 .ARM.attributes
                0x00000000000004b7       0x34 ./Drivers/STM32L4xx_HAL_Driver/Src/stm32l4xx_hal_rcc_ex.o
 .ARM.attributes
                0x00000000000004eb       0x34 ./Drivers/STM32L4xx_HAL_Driver/Src/stm32l4xx_hal_rtc.o
 .ARM.attributes
                0x000000000000051f       0x34 ./Drivers/STM32L4xx_HAL_Driver/Src/stm32l4xx_hal_tim.o
 .ARM.attributes
                0x0000000000000553       0x34 ./Drivers/STM32L4xx_HAL_Driver/Src/stm32l4xx_hal_tim_ex.o
 .ARM.attributes
                0x0000000000000587       0x34 ./Drivers/STM32L4xx_HAL_Driver/Src/stm32l4xx_hal_uart.o
 .ARM.attributes
                0x00000000000005bb       0x34 ./Drivers/STM32L4xx_HAL_Driver/Src/stm32l4xx_hal_uart_ex.o
 .ARM.attributes
                0x00000000000005ef       0x34 /opt/st/stm32cubeide_1.7.0/plugins/com.st.stm32cube.ide.mcu.externaltools.gnu-tools-for-stm32.9-2020-q2-update.linux64_2.0.0.202105311346/tools/bin/../lib/gcc/arm-none-eabi/9.3.1/../../../../arm-none-eabi/lib/thumb/v7e-m+fp/hard/libc_nano.a(lib_a-init.o)
 .ARM.attributes
                0x0000000000000623       0x34 /opt/st/stm32cubeide_1.7.0/plugins/com.st.stm32cube.ide.mcu.externaltools.gnu-tools-for-stm32.9-2020-q2-update.linux64_2.0.0.202105311346/tools/bin/../lib/gcc/arm-none-eabi/9.3.1/../../../../arm-none-eabi/lib/thumb/v7e-m+fp/hard/libc_nano.a(lib_a-memset.o)
 .ARM.attributes
                0x0000000000000657       0x1e /opt/st/stm32cubeide_1.7.0/plugins/com.st.stm32cube.ide.mcu.externaltools.gnu-tools-for-stm32.9-2020-q2-update.linux64_2.0.0.202105311346/tools/bin/../lib/gcc/arm-none-eabi/9.3.1/thumb/v7e-m+fp/hard/libgcc.a(_aeabi_uldivmod.o)
 .ARM.attributes
                0x0000000000000675       0x34 /opt/st/stm32cubeide_1.7.0/plugins/com.st.stm32cube.ide.mcu.externaltools.gnu-tools-for-stm32.9-2020-q2-update.linux64_2.0.0.202105311346/tools/bin/../lib/gcc/arm-none-eabi/9.3.1/thumb/v7e-m+fp/hard/libgcc.a(_udivmoddi4.o)
 .ARM.attributes
                0x00000000000006a9       0x1e /opt/st/stm32cubeide_1.7.0/plugins/com.st.stm32cube.ide.mcu.externaltools.gnu-tools-for-stm32.9-2020-q2-update.linux64_2.0.0.202105311346/tools/bin/../lib/gcc/arm-none-eabi/9.3.1/thumb/v7e-m+fp/hard/libgcc.a(_dvmd_tls.o)
 .ARM.attributes
                0x00000000000006c7       0x1e /opt/st/stm32cubeide_1.7.0/plugins/com.st.stm32cube.ide.mcu.externaltools.gnu-tools-for-stm32.9-2020-q2-update.linux64_2.0.0.202105311346/tools/bin/../lib/gcc/arm-none-eabi/9.3.1/thumb/v7e-m+fp/hard/crtn.o
OUTPUT(First_L476.elf elf32-littlearm)
LOAD linker stubs
LOAD /opt/st/stm32cubeide_1.7.0/plugins/com.st.stm32cube.ide.mcu.externaltools.gnu-tools-for-stm32.9-2020-q2-update.linux64_2.0.0.202105311346/tools/bin/../lib/gcc/arm-none-eabi/9.3.1/../../../../arm-none-eabi/lib/thumb/v7e-m+fp/hard/libc.a
LOAD /opt/st/stm32cubeide_1.7.0/plugins/com.st.stm32cube.ide.mcu.externaltools.gnu-tools-for-stm32.9-2020-q2-update.linux64_2.0.0.202105311346/tools/bin/../lib/gcc/arm-none-eabi/9.3.1/../../../../arm-none-eabi/lib/thumb/v7e-m+fp/hard/libm.a
LOAD /opt/st/stm32cubeide_1.7.0/plugins/com.st.stm32cube.ide.mcu.externaltools.gnu-tools-for-stm32.9-2020-q2-update.linux64_2.0.0.202105311346/tools/bin/../lib/gcc/arm-none-eabi/9.3.1/thumb/v7e-m+fp/hard/libgcc.a

.debug_info     0x0000000000000000    0x2396b
 .debug_info    0x0000000000000000      0xd56 ./Core/Common/Leds.o
 .debug_info    0x0000000000000d56      0xdfa ./Core/Common/str_fifo.o
 .debug_info    0x0000000000001b50     0x11ae ./Core/Common/str_flash.o
 .debug_info    0x0000000000002cfe      0xf93 ./Core/Common/str_mathcommon.o
 .debug_info    0x0000000000003c91      0xe50 ./Core/Common/str_service.o
 .debug_info    0x0000000000004ae1     0x11ec ./Core/MB/str_mbregisters.o
 .debug_info    0x0000000000005ccd     0x17cb ./Core/MB/str_mbs.o
 .debug_info    0x0000000000007498     0x1934 ./Core/MB/str_tim.o
 .debug_info    0x0000000000008dcc     0x1e58 ./Core/MB/str_uart.o
 .debug_info    0x000000000000ac24     0x2af8 ./Core/Src/main.o
 .debug_info    0x000000000000d71c     0x29ef ./Core/Src/stm32l4xx_hal_msp.o
 .debug_info    0x000000000001010b     0x1d56 ./Core/Src/stm32l4xx_it.o
 .debug_info    0x0000000000011e61      0x772 ./Core/Src/system_stm32l4xx.o
 .debug_info    0x00000000000125d3       0x22 ./Core/Startup/startup_stm32l476rgtx.o
 .debug_info    0x00000000000125f5      0xddb ./Drivers/STM32L4xx_HAL_Driver/Src/stm32l4xx_hal.o
 .debug_info    0x00000000000133d0     0x102e ./Drivers/STM32L4xx_HAL_Driver/Src/stm32l4xx_hal_cortex.o
 .debug_info    0x00000000000143fe      0x973 ./Drivers/STM32L4xx_HAL_Driver/Src/stm32l4xx_hal_dma.o
 .debug_info    0x0000000000014d71      0x7eb ./Drivers/STM32L4xx_HAL_Driver/Src/stm32l4xx_hal_flash.o
 .debug_info    0x000000000001555c      0x9c9 ./Drivers/STM32L4xx_HAL_Driver/Src/stm32l4xx_hal_flash_ex.o
 .debug_info    0x0000000000015f25      0xa5e ./Drivers/STM32L4xx_HAL_Driver/Src/stm32l4xx_hal_gpio.o
 .debug_info    0x0000000000016983      0xc00 ./Drivers/STM32L4xx_HAL_Driver/Src/stm32l4xx_hal_pwr_ex.o
 .debug_info    0x0000000000017583      0xe37 ./Drivers/STM32L4xx_HAL_Driver/Src/stm32l4xx_hal_rcc.o
 .debug_info    0x00000000000183ba     0x103f ./Drivers/STM32L4xx_HAL_Driver/Src/stm32l4xx_hal_rcc_ex.o
 .debug_info    0x00000000000193f9     0x1085 ./Drivers/STM32L4xx_HAL_Driver/Src/stm32l4xx_hal_rtc.o
 .debug_info    0x000000000001a47e     0x2e79 ./Drivers/STM32L4xx_HAL_Driver/Src/stm32l4xx_hal_tim.o
 .debug_info    0x000000000001d2f7     0x18c8 ./Drivers/STM32L4xx_HAL_Driver/Src/stm32l4xx_hal_tim_ex.o
 .debug_info    0x000000000001ebbf     0x3e56 ./Drivers/STM32L4xx_HAL_Driver/Src/stm32l4xx_hal_uart.o
 .debug_info    0x0000000000022a15      0xf56 ./Drivers/STM32L4xx_HAL_Driver/Src/stm32l4xx_hal_uart_ex.o

.debug_abbrev   0x0000000000000000     0x4331
 .debug_abbrev  0x0000000000000000      0x211 ./Core/Common/Leds.o
 .debug_abbrev  0x0000000000000211      0x255 ./Core/Common/str_fifo.o
 .debug_abbrev  0x0000000000000466      0x2d6 ./Core/Common/str_flash.o
 .debug_abbrev  0x000000000000073c      0x28b ./Core/Common/str_mathcommon.o
 .debug_abbrev  0x00000000000009c7      0x277 ./Core/Common/str_service.o
 .debug_abbrev  0x0000000000000c3e      0x2ac ./Core/MB/str_mbregisters.o
 .debug_abbrev  0x0000000000000eea      0x38e ./Core/MB/str_mbs.o
 .debug_abbrev  0x0000000000001278      0x2a5 ./Core/MB/str_tim.o
 .debug_abbrev  0x000000000000151d      0x2f2 ./Core/MB/str_uart.o
 .debug_abbrev  0x000000000000180f      0x358 ./Core/Src/main.o
 .debug_abbrev  0x0000000000001b67      0x2ac ./Core/Src/stm32l4xx_hal_msp.o
 .debug_abbrev  0x0000000000001e13      0x258 ./Core/Src/stm32l4xx_it.o
 .debug_abbrev  0x000000000000206b      0x165 ./Core/Src/system_stm32l4xx.o
 .debug_abbrev  0x00000000000021d0       0x12 ./Core/Startup/startup_stm32l476rgtx.o
 .debug_abbrev  0x00000000000021e2      0x227 ./Drivers/STM32L4xx_HAL_Driver/Src/stm32l4xx_hal.o
 .debug_abbrev  0x0000000000002409      0x33c ./Drivers/STM32L4xx_HAL_Driver/Src/stm32l4xx_hal_cortex.o
 .debug_abbrev  0x0000000000002745      0x201 ./Drivers/STM32L4xx_HAL_Driver/Src/stm32l4xx_hal_dma.o
 .debug_abbrev  0x0000000000002946      0x2ed ./Drivers/STM32L4xx_HAL_Driver/Src/stm32l4xx_hal_flash.o
 .debug_abbrev  0x0000000000002c33      0x22d ./Drivers/STM32L4xx_HAL_Driver/Src/stm32l4xx_hal_flash_ex.o
 .debug_abbrev  0x0000000000002e60      0x1e8 ./Drivers/STM32L4xx_HAL_Driver/Src/stm32l4xx_hal_gpio.o
 .debug_abbrev  0x0000000000003048      0x1f3 ./Drivers/STM32L4xx_HAL_Driver/Src/stm32l4xx_hal_pwr_ex.o
 .debug_abbrev  0x000000000000323b      0x275 ./Drivers/STM32L4xx_HAL_Driver/Src/stm32l4xx_hal_rcc.o
 .debug_abbrev  0x00000000000034b0      0x268 ./Drivers/STM32L4xx_HAL_Driver/Src/stm32l4xx_hal_rcc_ex.o
 .debug_abbrev  0x0000000000003718      0x200 ./Drivers/STM32L4xx_HAL_Driver/Src/stm32l4xx_hal_rtc.o
 .debug_abbrev  0x0000000000003918      0x25e ./Drivers/STM32L4xx_HAL_Driver/Src/stm32l4xx_hal_tim.o
 .debug_abbrev  0x0000000000003b76      0x266 ./Drivers/STM32L4xx_HAL_Driver/Src/stm32l4xx_hal_tim_ex.o
 .debug_abbrev  0x0000000000003ddc      0x2b3 ./Drivers/STM32L4xx_HAL_Driver/Src/stm32l4xx_hal_uart.o
 .debug_abbrev  0x000000000000408f      0x2a2 ./Drivers/STM32L4xx_HAL_Driver/Src/stm32l4xx_hal_uart_ex.o

.debug_aranges  0x0000000000000000     0x1418
 .debug_aranges
                0x0000000000000000       0x30 ./Core/Common/Leds.o
 .debug_aranges
                0x0000000000000030       0x50 ./Core/Common/str_fifo.o
 .debug_aranges
                0x0000000000000080       0x58 ./Core/Common/str_flash.o
 .debug_aranges
                0x00000000000000d8       0x68 ./Core/Common/str_mathcommon.o
 .debug_aranges
                0x0000000000000140       0x40 ./Core/Common/str_service.o
 .debug_aranges
                0x0000000000000180       0x40 ./Core/MB/str_mbregisters.o
 .debug_aranges
                0x00000000000001c0       0x78 ./Core/MB/str_mbs.o
 .debug_aranges
                0x0000000000000238       0x58 ./Core/MB/str_tim.o
 .debug_aranges
                0x0000000000000290       0x50 ./Core/MB/str_uart.o
 .debug_aranges
                0x00000000000002e0       0x58 ./Core/Src/main.o
 .debug_aranges
                0x0000000000000338       0x50 ./Core/Src/stm32l4xx_hal_msp.o
 .debug_aranges
                0x0000000000000388       0x70 ./Core/Src/stm32l4xx_it.o
 .debug_aranges
                0x00000000000003f8       0x28 ./Core/Src/system_stm32l4xx.o
 .debug_aranges
                0x0000000000000420       0x28 ./Core/Startup/startup_stm32l476rgtx.o
 .debug_aranges
                0x0000000000000448      0x130 ./Drivers/STM32L4xx_HAL_Driver/Src/stm32l4xx_hal.o
 .debug_aranges
                0x0000000000000578      0x118 ./Drivers/STM32L4xx_HAL_Driver/Src/stm32l4xx_hal_cortex.o
 .debug_aranges
                0x0000000000000690       0x80 ./Drivers/STM32L4xx_HAL_Driver/Src/stm32l4xx_hal_dma.o
 .debug_aranges
                0x0000000000000710       0x88 ./Drivers/STM32L4xx_HAL_Driver/Src/stm32l4xx_hal_flash.o
 .debug_aranges
                0x0000000000000798       0x90 ./Drivers/STM32L4xx_HAL_Driver/Src/stm32l4xx_hal_flash_ex.o
 .debug_aranges
                0x0000000000000828       0x58 ./Drivers/STM32L4xx_HAL_Driver/Src/stm32l4xx_hal_gpio.o
 .debug_aranges
                0x0000000000000880      0x160 ./Drivers/STM32L4xx_HAL_Driver/Src/stm32l4xx_hal_pwr_ex.o
 .debug_aranges
                0x00000000000009e0       0x90 ./Drivers/STM32L4xx_HAL_Driver/Src/stm32l4xx_hal_rcc.o
 .debug_aranges
                0x0000000000000a70       0xc0 ./Drivers/STM32L4xx_HAL_Driver/Src/stm32l4xx_hal_rcc_ex.o
 .debug_aranges
                0x0000000000000b30       0xe8 ./Drivers/STM32L4xx_HAL_Driver/Src/stm32l4xx_hal_rtc.o
 .debug_aranges
                0x0000000000000c18      0x3e0 ./Drivers/STM32L4xx_HAL_Driver/Src/stm32l4xx_hal_tim.o
 .debug_aranges
                0x0000000000000ff8      0x180 ./Drivers/STM32L4xx_HAL_Driver/Src/stm32l4xx_hal_tim_ex.o
 .debug_aranges
                0x0000000000001178      0x228 ./Drivers/STM32L4xx_HAL_Driver/Src/stm32l4xx_hal_uart.o
 .debug_aranges
                0x00000000000013a0       0x78 ./Drivers/STM32L4xx_HAL_Driver/Src/stm32l4xx_hal_uart_ex.o

.debug_ranges   0x0000000000000000     0x12b0
 .debug_ranges  0x0000000000000000       0x20 ./Core/Common/Leds.o
 .debug_ranges  0x0000000000000020       0x40 ./Core/Common/str_fifo.o
 .debug_ranges  0x0000000000000060       0x48 ./Core/Common/str_flash.o
 .debug_ranges  0x00000000000000a8       0x58 ./Core/Common/str_mathcommon.o
 .debug_ranges  0x0000000000000100       0x30 ./Core/Common/str_service.o
 .debug_ranges  0x0000000000000130       0x30 ./Core/MB/str_mbregisters.o
 .debug_ranges  0x0000000000000160       0x68 ./Core/MB/str_mbs.o
 .debug_ranges  0x00000000000001c8       0x48 ./Core/MB/str_tim.o
 .debug_ranges  0x0000000000000210       0x60 ./Core/MB/str_uart.o
 .debug_ranges  0x0000000000000270       0x48 ./Core/Src/main.o
 .debug_ranges  0x00000000000002b8       0x40 ./Core/Src/stm32l4xx_hal_msp.o
 .debug_ranges  0x00000000000002f8       0x60 ./Core/Src/stm32l4xx_it.o
 .debug_ranges  0x0000000000000358       0x18 ./Core/Src/system_stm32l4xx.o
 .debug_ranges  0x0000000000000370       0x20 ./Core/Startup/startup_stm32l476rgtx.o
 .debug_ranges  0x0000000000000390      0x120 ./Drivers/STM32L4xx_HAL_Driver/Src/stm32l4xx_hal.o
 .debug_ranges  0x00000000000004b0      0x108 ./Drivers/STM32L4xx_HAL_Driver/Src/stm32l4xx_hal_cortex.o
 .debug_ranges  0x00000000000005b8       0x70 ./Drivers/STM32L4xx_HAL_Driver/Src/stm32l4xx_hal_dma.o
 .debug_ranges  0x0000000000000628       0x78 ./Drivers/STM32L4xx_HAL_Driver/Src/stm32l4xx_hal_flash.o
 .debug_ranges  0x00000000000006a0       0x80 ./Drivers/STM32L4xx_HAL_Driver/Src/stm32l4xx_hal_flash_ex.o
 .debug_ranges  0x0000000000000720       0x48 ./Drivers/STM32L4xx_HAL_Driver/Src/stm32l4xx_hal_gpio.o
 .debug_ranges  0x0000000000000768      0x150 ./Drivers/STM32L4xx_HAL_Driver/Src/stm32l4xx_hal_pwr_ex.o
 .debug_ranges  0x00000000000008b8       0x80 ./Drivers/STM32L4xx_HAL_Driver/Src/stm32l4xx_hal_rcc.o
 .debug_ranges  0x0000000000000938       0xb0 ./Drivers/STM32L4xx_HAL_Driver/Src/stm32l4xx_hal_rcc_ex.o
 .debug_ranges  0x00000000000009e8       0xd8 ./Drivers/STM32L4xx_HAL_Driver/Src/stm32l4xx_hal_rtc.o
 .debug_ranges  0x0000000000000ac0      0x3d0 ./Drivers/STM32L4xx_HAL_Driver/Src/stm32l4xx_hal_tim.o
 .debug_ranges  0x0000000000000e90      0x170 ./Drivers/STM32L4xx_HAL_Driver/Src/stm32l4xx_hal_tim_ex.o
 .debug_ranges  0x0000000000001000      0x248 ./Drivers/STM32L4xx_HAL_Driver/Src/stm32l4xx_hal_uart.o
 .debug_ranges  0x0000000000001248       0x68 ./Drivers/STM32L4xx_HAL_Driver/Src/stm32l4xx_hal_uart_ex.o

.debug_macro    0x0000000000000000    0x2b120
 .debug_macro   0x0000000000000000      0x40d ./Core/Common/Leds.o
 .debug_macro   0x000000000000040d      0xaa8 ./Core/Common/Leds.o
 .debug_macro   0x0000000000000eb5      0x1b3 ./Core/Common/Leds.o
 .debug_macro   0x0000000000001068       0x2e ./Core/Common/Leds.o
 .debug_macro   0x0000000000001096       0x28 ./Core/Common/Leds.o
 .debug_macro   0x00000000000010be       0x22 ./Core/Common/Leds.o
 .debug_macro   0x00000000000010e0       0x8e ./Core/Common/Leds.o
 .debug_macro   0x000000000000116e       0x51 ./Core/Common/Leds.o
 .debug_macro   0x00000000000011bf      0x103 ./Core/Common/Leds.o
 .debug_macro   0x00000000000012c2       0x6a ./Core/Common/Leds.o
 .debug_macro   0x000000000000132c      0x1df ./Core/Common/Leds.o
 .debug_macro   0x000000000000150b       0x1c ./Core/Common/Leds.o
 .debug_macro   0x0000000000001527       0x22 ./Core/Common/Leds.o
 .debug_macro   0x0000000000001549      0x101 ./Core/Common/Leds.o
 .debug_macro   0x000000000000164a     0x1011 ./Core/Common/Leds.o
 .debug_macro   0x000000000000265b      0x11f ./Core/Common/Leds.o
 .debug_macro   0x000000000000277a    0x1a17a ./Core/Common/Leds.o
 .debug_macro   0x000000000001c8f4       0x6d ./Core/Common/Leds.o
 .debug_macro   0x000000000001c961     0x38e6 ./Core/Common/Leds.o
 .debug_macro   0x0000000000020247      0x174 ./Core/Common/Leds.o
 .debug_macro   0x00000000000203bb       0x5c ./Core/Common/Leds.o
 .debug_macro   0x0000000000020417     0x159e ./Core/Common/Leds.o
 .debug_macro   0x00000000000219b5      0x5a5 ./Core/Common/Leds.o
 .debug_macro   0x0000000000021f5a      0x1b9 ./Core/Common/Leds.o
 .debug_macro   0x0000000000022113      0x18b ./Core/Common/Leds.o
 .debug_macro   0x000000000002229e      0x26b ./Core/Common/Leds.o
 .debug_macro   0x0000000000022509      0x23d ./Core/Common/Leds.o
 .debug_macro   0x0000000000022746      0x241 ./Core/Common/Leds.o
 .debug_macro   0x0000000000022987      0x37c ./Core/Common/Leds.o
 .debug_macro   0x0000000000022d03       0xd6 ./Core/Common/Leds.o
 .debug_macro   0x0000000000022dd9      0x22c ./Core/Common/Leds.o
 .debug_macro   0x0000000000023005       0x61 ./Core/Common/Leds.o
 .debug_macro   0x0000000000023066       0xa5 ./Core/Common/Leds.o
 .debug_macro   0x000000000002310b      0x122 ./Core/Common/Leds.o
 .debug_macro   0x000000000002322d      0x3ef ./Core/Common/Leds.o
 .debug_macro   0x000000000002361c      0x31a ./Core/Common/Leds.o
 .debug_macro   0x0000000000023936      0x4fb ./Core/Common/Leds.o
 .debug_macro   0x0000000000023e31       0xe4 ./Core/Common/Leds.o
 .debug_macro   0x0000000000023f15      0xa91 ./Core/Common/Leds.o
 .debug_macro   0x00000000000249a6      0x1e6 ./Core/Common/Leds.o
 .debug_macro   0x0000000000024b8c      0x5ba ./Core/Common/Leds.o
 .debug_macro   0x0000000000025146       0x44 ./Core/Common/Leds.o
 .debug_macro   0x000000000002518a      0x330 ./Core/Common/Leds.o
 .debug_macro   0x00000000000254ba       0x28 ./Core/Common/Leds.o
 .debug_macro   0x00000000000254e2       0x52 ./Core/Common/Leds.o
 .debug_macro   0x0000000000025534       0x18 ./Core/Common/Leds.o
 .debug_macro   0x000000000002554c       0x3c ./Core/Common/Leds.o
 .debug_macro   0x0000000000025588       0x34 ./Core/Common/Leds.o
 .debug_macro   0x00000000000255bc       0x16 ./Core/Common/Leds.o
 .debug_macro   0x00000000000255d2       0x43 ./Core/Common/Leds.o
 .debug_macro   0x0000000000025615       0x34 ./Core/Common/Leds.o
 .debug_macro   0x0000000000025649       0x10 ./Core/Common/Leds.o
 .debug_macro   0x0000000000025659       0x58 ./Core/Common/Leds.o
 .debug_macro   0x00000000000256b1       0x71 ./Core/Common/Leds.o
 .debug_macro   0x0000000000025722       0x1c ./Core/Common/Leds.o
 .debug_macro   0x000000000002573e      0x12a ./Core/Common/Leds.o
 .debug_macro   0x0000000000025868      0x333 ./Core/Common/Leds.o
 .debug_macro   0x0000000000025b9b      0x1a9 ./Core/Common/Leds.o
 .debug_macro   0x0000000000025d44       0x22 ./Core/Common/Leds.o
 .debug_macro   0x0000000000025d66       0x1c ./Core/Common/Leds.o
 .debug_macro   0x0000000000025d82       0x35 ./Core/Common/Leds.o
 .debug_macro   0x0000000000025db7       0x10 ./Core/Common/Leds.o
 .debug_macro   0x0000000000025dc7       0x10 ./Core/Common/Leds.o
 .debug_macro   0x0000000000025dd7       0x1c ./Core/Common/Leds.o
 .debug_macro   0x0000000000025df3       0x52 ./Core/Common/Leds.o
 .debug_macro   0x0000000000025e45       0x22 ./Core/Common/Leds.o
 .debug_macro   0x0000000000025e67       0x10 ./Core/Common/Leds.o
 .debug_macro   0x0000000000025e77       0x40 ./Core/Common/Leds.o
 .debug_macro   0x0000000000025eb7       0xd5 ./Core/Common/Leds.o
 .debug_macro   0x0000000000025f8c       0x1c ./Core/Common/Leds.o
 .debug_macro   0x0000000000025fa8       0x3d ./Core/Common/Leds.o
 .debug_macro   0x0000000000025fe5       0x16 ./Core/Common/Leds.o
 .debug_macro   0x0000000000025ffb      0x145 ./Core/Common/Leds.o
 .debug_macro   0x0000000000026140       0x16 ./Core/Common/Leds.o
 .debug_macro   0x0000000000026156       0x20 ./Core/Common/Leds.o
 .debug_macro   0x0000000000026176       0x16 ./Core/Common/Leds.o
 .debug_macro   0x000000000002618c       0x16 ./Core/Common/Leds.o
 .debug_macro   0x00000000000261a2       0x29 ./Core/Common/Leds.o
 .debug_macro   0x00000000000261cb       0x16 ./Core/Common/Leds.o
 .debug_macro   0x00000000000261e1       0x10 ./Core/Common/Leds.o
 .debug_macro   0x00000000000261f1       0x41 ./Core/Common/Leds.o
 .debug_macro   0x0000000000026232       0xa6 ./Core/Common/Leds.o
 .debug_macro   0x00000000000262d8      0x416 ./Core/Common/str_fifo.o
 .debug_macro   0x00000000000266ee       0x10 ./Core/Common/str_fifo.o
 .debug_macro   0x00000000000266fe      0x42f ./Core/Common/str_flash.o
 .debug_macro   0x0000000000026b2d      0x412 ./Core/Common/str_mathcommon.o
 .debug_macro   0x0000000000026f3f       0x28 ./Core/Common/str_mathcommon.o
 .debug_macro   0x0000000000026f67      0x420 ./Core/Common/str_service.o
 .debug_macro   0x0000000000027387       0x16 ./Core/Common/str_service.o
 .debug_macro   0x000000000002739d      0x41a ./Core/MB/str_mbregisters.o
 .debug_macro   0x00000000000277b7       0x10 ./Core/MB/str_mbregisters.o
 .debug_macro   0x00000000000277c7      0x43b ./Core/MB/str_mbs.o
 .debug_macro   0x0000000000027c02       0x10 ./Core/MB/str_mbs.o
 .debug_macro   0x0000000000027c12       0x2e ./Core/MB/str_mbs.o
 .debug_macro   0x0000000000027c40      0x420 ./Core/MB/str_tim.o
 .debug_macro   0x0000000000028060       0x10 ./Core/MB/str_tim.o
 .debug_macro   0x0000000000028070      0x455 ./Core/MB/str_uart.o
 .debug_macro   0x00000000000284c5       0x16 ./Core/MB/str_uart.o
 .debug_macro   0x00000000000284db       0x16 ./Core/MB/str_uart.o
 .debug_macro   0x00000000000284f1       0x16 ./Core/MB/str_uart.o
 .debug_macro   0x0000000000028507      0x473 ./Core/Src/main.o
 .debug_macro   0x000000000002897a       0x64 ./Core/Src/main.o
 .debug_macro   0x00000000000289de      0x473 ./Core/Src/stm32l4xx_hal_msp.o
 .debug_macro   0x0000000000028e51      0x47d ./Core/Src/stm32l4xx_it.o
 .debug_macro   0x00000000000292ce      0x1f2 ./Core/Src/system_stm32l4xx.o
 .debug_macro   0x00000000000294c0      0x240 ./Drivers/STM32L4xx_HAL_Driver/Src/stm32l4xx_hal.o
 .debug_macro   0x0000000000029700      0x1f2 ./Drivers/STM32L4xx_HAL_Driver/Src/stm32l4xx_hal_cortex.o
 .debug_macro   0x00000000000298f2      0x1f2 ./Drivers/STM32L4xx_HAL_Driver/Src/stm32l4xx_hal_dma.o
 .debug_macro   0x0000000000029ae4      0x1f8 ./Drivers/STM32L4xx_HAL_Driver/Src/stm32l4xx_hal_flash.o
 .debug_macro   0x0000000000029cdc      0x1f2 ./Drivers/STM32L4xx_HAL_Driver/Src/stm32l4xx_hal_flash_ex.o
 .debug_macro   0x0000000000029ece      0x1f9 ./Drivers/STM32L4xx_HAL_Driver/Src/stm32l4xx_hal_gpio.o
 .debug_macro   0x000000000002a0c7      0x216 ./Drivers/STM32L4xx_HAL_Driver/Src/stm32l4xx_hal_pwr_ex.o
 .debug_macro   0x000000000002a2dd      0x234 ./Drivers/STM32L4xx_HAL_Driver/Src/stm32l4xx_hal_rcc.o
 .debug_macro   0x000000000002a511      0x228 ./Drivers/STM32L4xx_HAL_Driver/Src/stm32l4xx_hal_rcc_ex.o
 .debug_macro   0x000000000002a739      0x1f3 ./Drivers/STM32L4xx_HAL_Driver/Src/stm32l4xx_hal_rtc.o
 .debug_macro   0x000000000002a92c      0x1f3 ./Drivers/STM32L4xx_HAL_Driver/Src/stm32l4xx_hal_tim.o
 .debug_macro   0x000000000002ab1f      0x1f2 ./Drivers/STM32L4xx_HAL_Driver/Src/stm32l4xx_hal_tim_ex.o
 .debug_macro   0x000000000002ad11      0x21d ./Drivers/STM32L4xx_HAL_Driver/Src/stm32l4xx_hal_uart.o
 .debug_macro   0x000000000002af2e      0x1f2 ./Drivers/STM32L4xx_HAL_Driver/Src/stm32l4xx_hal_uart_ex.o

.debug_line     0x0000000000000000    0x1b816
 .debug_line    0x0000000000000000      0x9da ./Core/Common/Leds.o
 .debug_line    0x00000000000009da      0xac6 ./Core/Common/str_fifo.o
 .debug_line    0x00000000000014a0      0xc2b ./Core/Common/str_flash.o
 .debug_line    0x00000000000020cb      0xc43 ./Core/Common/str_mathcommon.o
 .debug_line    0x0000000000002d0e      0xa74 ./Core/Common/str_service.o
 .debug_line    0x0000000000003782      0xc04 ./Core/MB/str_mbregisters.o
 .debug_line    0x0000000000004386     0x1340 ./Core/MB/str_mbs.o
 .debug_line    0x00000000000056c6      0xa8c ./Core/MB/str_tim.o
 .debug_line    0x0000000000006152      0xad4 ./Core/MB/str_uart.o
 .debug_line    0x0000000000006c26      0xc08 ./Core/Src/main.o
 .debug_line    0x000000000000782e      0xb08 ./Core/Src/stm32l4xx_hal_msp.o
 .debug_line    0x0000000000008336      0xb15 ./Core/Src/stm32l4xx_it.o
 .debug_line    0x0000000000008e4b      0x79b ./Core/Src/system_stm32l4xx.o
 .debug_line    0x00000000000095e6       0x88 ./Core/Startup/startup_stm32l476rgtx.o
 .debug_line    0x000000000000966e      0xaf6 ./Drivers/STM32L4xx_HAL_Driver/Src/stm32l4xx_hal.o
 .debug_line    0x000000000000a164      0xc9c ./Drivers/STM32L4xx_HAL_Driver/Src/stm32l4xx_hal_cortex.o
 .debug_line    0x000000000000ae00      0xcd4 ./Drivers/STM32L4xx_HAL_Driver/Src/stm32l4xx_hal_dma.o
 .debug_line    0x000000000000bad4      0xa8f ./Drivers/STM32L4xx_HAL_Driver/Src/stm32l4xx_hal_flash.o
 .debug_line    0x000000000000c563      0xd4d ./Drivers/STM32L4xx_HAL_Driver/Src/stm32l4xx_hal_flash_ex.o
 .debug_line    0x000000000000d2b0      0xb69 ./Drivers/STM32L4xx_HAL_Driver/Src/stm32l4xx_hal_gpio.o
 .debug_line    0x000000000000de19      0xce1 ./Drivers/STM32L4xx_HAL_Driver/Src/stm32l4xx_hal_pwr_ex.o
 .debug_line    0x000000000000eafa      0xf6e ./Drivers/STM32L4xx_HAL_Driver/Src/stm32l4xx_hal_rcc.o
 .debug_line    0x000000000000fa68     0x14ae ./Drivers/STM32L4xx_HAL_Driver/Src/stm32l4xx_hal_rcc_ex.o
 .debug_line    0x0000000000010f16     0x1109 ./Drivers/STM32L4xx_HAL_Driver/Src/stm32l4xx_hal_rtc.o
 .debug_line    0x000000000001201f     0x3d53 ./Drivers/STM32L4xx_HAL_Driver/Src/stm32l4xx_hal_tim.o
 .debug_line    0x0000000000015d72     0x1bf4 ./Drivers/STM32L4xx_HAL_Driver/Src/stm32l4xx_hal_tim_ex.o
 .debug_line    0x0000000000017966     0x3272 ./Drivers/STM32L4xx_HAL_Driver/Src/stm32l4xx_hal_uart.o
 .debug_line    0x000000000001abd8      0xc3e ./Drivers/STM32L4xx_HAL_Driver/Src/stm32l4xx_hal_uart_ex.o

.debug_str      0x0000000000000000    0xfc753
 .debug_str     0x0000000000000000    0xf6628 ./Core/Common/Leds.o
                                      0xf69da (size before relaxing)
 .debug_str     0x00000000000f6628       0xe3 ./Core/Common/str_fifo.o
                                      0xf6a2a (size before relaxing)
 .debug_str     0x00000000000f670b      0x314 ./Core/Common/str_flash.o
                                      0xf6c8b (size before relaxing)
 .debug_str     0x00000000000f6a1f      0x144 ./Core/Common/str_mathcommon.o
                                      0xf6abb (size before relaxing)
 .debug_str     0x00000000000f6b63       0xdc ./Core/Common/str_service.o
                                      0xf6a8d (size before relaxing)
 .debug_str     0x00000000000f6c3f      0x1e5 ./Core/MB/str_mbregisters.o
                                      0xf6b92 (size before relaxing)
 .debug_str     0x00000000000f6e24      0x179 ./Core/MB/str_mbs.o
                                      0xf6cdd (size before relaxing)
 .debug_str     0x00000000000f6f9d      0x602 ./Core/MB/str_tim.o
                                      0xf719c (size before relaxing)
 .debug_str     0x00000000000f759f      0x31d ./Core/MB/str_uart.o
                                      0xf7570 (size before relaxing)
 .debug_str     0x00000000000f78bc      0xbc3 ./Core/Src/main.o
                                      0xf8180 (size before relaxing)
 .debug_str     0x00000000000f847f      0x302 ./Core/Src/stm32l4xx_hal_msp.o
                                      0xf8167 (size before relaxing)
 .debug_str     0x00000000000f8781       0xdf ./Core/Src/stm32l4xx_it.o
                                      0xf763f (size before relaxing)
 .debug_str     0x00000000000f8860       0xb8 ./Core/Src/system_stm32l4xx.o
                                      0xf1cfb (size before relaxing)
 .debug_str     0x00000000000f8918       0x36 ./Core/Startup/startup_stm32l476rgtx.o
                                         0x6f (size before relaxing)
 .debug_str     0x00000000000f894e      0x57b ./Drivers/STM32L4xx_HAL_Driver/Src/stm32l4xx_hal.o
                                      0xf2866 (size before relaxing)
 .debug_str     0x00000000000f8ec9      0x384 ./Drivers/STM32L4xx_HAL_Driver/Src/stm32l4xx_hal_cortex.o
                                      0xf256a (size before relaxing)
 .debug_str     0x00000000000f924d      0x253 ./Drivers/STM32L4xx_HAL_Driver/Src/stm32l4xx_hal_dma.o
                                      0xf1f6e (size before relaxing)
 .debug_str     0x00000000000f94a0      0x21f ./Drivers/STM32L4xx_HAL_Driver/Src/stm32l4xx_hal_flash.o
                                      0xf1e1e (size before relaxing)
 .debug_str     0x00000000000f96bf      0x25b ./Drivers/STM32L4xx_HAL_Driver/Src/stm32l4xx_hal_flash_ex.o
                                      0xf1ea1 (size before relaxing)
 .debug_str     0x00000000000f991a      0x161 ./Drivers/STM32L4xx_HAL_Driver/Src/stm32l4xx_hal_gpio.o
                                      0xf1ec0 (size before relaxing)
 .debug_str     0x00000000000f9a7b      0x4ef ./Drivers/STM32L4xx_HAL_Driver/Src/stm32l4xx_hal_pwr_ex.o
                                      0xf226c (size before relaxing)
 .debug_str     0x00000000000f9f6a      0x36b ./Drivers/STM32L4xx_HAL_Driver/Src/stm32l4xx_hal_rcc.o
                                      0xf22f5 (size before relaxing)
 .debug_str     0x00000000000fa2d5      0x3a6 ./Drivers/STM32L4xx_HAL_Driver/Src/stm32l4xx_hal_rcc_ex.o
                                      0xf2469 (size before relaxing)
 .debug_str     0x00000000000fa67b      0x2a8 ./Drivers/STM32L4xx_HAL_Driver/Src/stm32l4xx_hal_rtc.o
                                      0xf2169 (size before relaxing)
 .debug_str     0x00000000000fa923      0xddf ./Drivers/STM32L4xx_HAL_Driver/Src/stm32l4xx_hal_tim.o
                                      0xf2f9e (size before relaxing)
 .debug_str     0x00000000000fb702      0x5f6 ./Drivers/STM32L4xx_HAL_Driver/Src/stm32l4xx_hal_tim_ex.o
                                      0xf2870 (size before relaxing)
 .debug_str     0x00000000000fbcf8      0x87e ./Drivers/STM32L4xx_HAL_Driver/Src/stm32l4xx_hal_uart.o
                                      0xf297d (size before relaxing)
 .debug_str     0x00000000000fc576      0x1dd ./Drivers/STM32L4xx_HAL_Driver/Src/stm32l4xx_hal_uart_ex.o
                                      0xf218e (size before relaxing)

.comment        0x0000000000000000       0x53
 .comment       0x0000000000000000       0x53 ./Core/Common/Leds.o
                                         0x54 (size before relaxing)
 .comment       0x0000000000000053       0x54 ./Core/Common/str_fifo.o
 .comment       0x0000000000000053       0x54 ./Core/Common/str_flash.o
 .comment       0x0000000000000053       0x54 ./Core/Common/str_mathcommon.o
 .comment       0x0000000000000053       0x54 ./Core/Common/str_service.o
 .comment       0x0000000000000053       0x54 ./Core/MB/str_mbregisters.o
 .comment       0x0000000000000053       0x54 ./Core/MB/str_mbs.o
 .comment       0x0000000000000053       0x54 ./Core/MB/str_tim.o
 .comment       0x0000000000000053       0x54 ./Core/MB/str_uart.o
 .comment       0x0000000000000053       0x54 ./Core/Src/main.o
 .comment       0x0000000000000053       0x54 ./Core/Src/stm32l4xx_hal_msp.o
 .comment       0x0000000000000053       0x54 ./Core/Src/stm32l4xx_it.o
 .comment       0x0000000000000053       0x54 ./Core/Src/system_stm32l4xx.o
 .comment       0x0000000000000053       0x54 ./Drivers/STM32L4xx_HAL_Driver/Src/stm32l4xx_hal.o
 .comment       0x0000000000000053       0x54 ./Drivers/STM32L4xx_HAL_Driver/Src/stm32l4xx_hal_cortex.o
 .comment       0x0000000000000053       0x54 ./Drivers/STM32L4xx_HAL_Driver/Src/stm32l4xx_hal_dma.o
 .comment       0x0000000000000053       0x54 ./Drivers/STM32L4xx_HAL_Driver/Src/stm32l4xx_hal_flash.o
 .comment       0x0000000000000053       0x54 ./Drivers/STM32L4xx_HAL_Driver/Src/stm32l4xx_hal_flash_ex.o
 .comment       0x0000000000000053       0x54 ./Drivers/STM32L4xx_HAL_Driver/Src/stm32l4xx_hal_gpio.o
 .comment       0x0000000000000053       0x54 ./Drivers/STM32L4xx_HAL_Driver/Src/stm32l4xx_hal_pwr_ex.o
 .comment       0x0000000000000053       0x54 ./Drivers/STM32L4xx_HAL_Driver/Src/stm32l4xx_hal_rcc.o
 .comment       0x0000000000000053       0x54 ./Drivers/STM32L4xx_HAL_Driver/Src/stm32l4xx_hal_rcc_ex.o
 .comment       0x0000000000000053       0x54 ./Drivers/STM32L4xx_HAL_Driver/Src/stm32l4xx_hal_rtc.o
 .comment       0x0000000000000053       0x54 ./Drivers/STM32L4xx_HAL_Driver/Src/stm32l4xx_hal_tim.o
 .comment       0x0000000000000053       0x54 ./Drivers/STM32L4xx_HAL_Driver/Src/stm32l4xx_hal_tim_ex.o
 .comment       0x0000000000000053       0x54 ./Drivers/STM32L4xx_HAL_Driver/Src/stm32l4xx_hal_uart.o
 .comment       0x0000000000000053       0x54 ./Drivers/STM32L4xx_HAL_Driver/Src/stm32l4xx_hal_uart_ex.o

.debug_frame    0x0000000000000000     0x5268
 .debug_frame   0x0000000000000000       0x7c ./Core/Common/Leds.o
 .debug_frame   0x000000000000007c      0x11c ./Core/Common/str_fifo.o
 .debug_frame   0x0000000000000198      0x14c ./Core/Common/str_flash.o
 .debug_frame   0x00000000000002e4      0x1b8 ./Core/Common/str_mathcommon.o
 .debug_frame   0x000000000000049c       0xb8 ./Core/Common/str_service.o
 .debug_frame   0x0000000000000554       0xbc ./Core/MB/str_mbregisters.o
 .debug_frame   0x0000000000000610      0x1cc ./Core/MB/str_mbs.o
 .debug_frame   0x00000000000007dc      0x124 ./Core/MB/str_tim.o
 .debug_frame   0x0000000000000900      0x108 ./Core/MB/str_uart.o
 .debug_frame   0x0000000000000a08      0x110 ./Core/Src/main.o
 .debug_frame   0x0000000000000b18      0x11c ./Core/Src/stm32l4xx_hal_msp.o
 .debug_frame   0x0000000000000c34      0x13c ./Core/Src/stm32l4xx_it.o
 .debug_frame   0x0000000000000d70       0x58 ./Core/Src/system_stm32l4xx.o
 .debug_frame   0x0000000000000dc8      0x498 ./Drivers/STM32L4xx_HAL_Driver/Src/stm32l4xx_hal.o
 .debug_frame   0x0000000000001260      0x498 ./Drivers/STM32L4xx_HAL_Driver/Src/stm32l4xx_hal_cortex.o
 .debug_frame   0x00000000000016f8      0x204 ./Drivers/STM32L4xx_HAL_Driver/Src/stm32l4xx_hal_dma.o
 .debug_frame   0x00000000000018fc      0x204 ./Drivers/STM32L4xx_HAL_Driver/Src/stm32l4xx_hal_flash.o
 .debug_frame   0x0000000000001b00      0x248 ./Drivers/STM32L4xx_HAL_Driver/Src/stm32l4xx_hal_flash_ex.o
 .debug_frame   0x0000000000001d48      0x14c ./Drivers/STM32L4xx_HAL_Driver/Src/stm32l4xx_hal_gpio.o
 .debug_frame   0x0000000000001e94      0x584 ./Drivers/STM32L4xx_HAL_Driver/Src/stm32l4xx_hal_pwr_ex.o
 .debug_frame   0x0000000000002418      0x21c ./Drivers/STM32L4xx_HAL_Driver/Src/stm32l4xx_hal_rcc.o
 .debug_frame   0x0000000000002634      0x2fc ./Drivers/STM32L4xx_HAL_Driver/Src/stm32l4xx_hal_rcc_ex.o
 .debug_frame   0x0000000000002930      0x3f4 ./Drivers/STM32L4xx_HAL_Driver/Src/stm32l4xx_hal_rtc.o
 .debug_frame   0x0000000000002d24     0x121c ./Drivers/STM32L4xx_HAL_Driver/Src/stm32l4xx_hal_tim.o
 .debug_frame   0x0000000000003f40      0x6b0 ./Drivers/STM32L4xx_HAL_Driver/Src/stm32l4xx_hal_tim_ex.o
 .debug_frame   0x00000000000045f0      0x9ec ./Drivers/STM32L4xx_HAL_Driver/Src/stm32l4xx_hal_uart.o
 .debug_frame   0x0000000000004fdc      0x1e0 ./Drivers/STM32L4xx_HAL_Driver/Src/stm32l4xx_hal_uart_ex.o
 .debug_frame   0x00000000000051bc       0x2c /opt/st/stm32cubeide_1.7.0/plugins/com.st.stm32cube.ide.mcu.externaltools.gnu-tools-for-stm32.9-2020-q2-update.linux64_2.0.0.202105311346/tools/bin/../lib/gcc/arm-none-eabi/9.3.1/../../../../arm-none-eabi/lib/thumb/v7e-m+fp/hard/libc_nano.a(lib_a-init.o)
 .debug_frame   0x00000000000051e8       0x20 /opt/st/stm32cubeide_1.7.0/plugins/com.st.stm32cube.ide.mcu.externaltools.gnu-tools-for-stm32.9-2020-q2-update.linux64_2.0.0.202105311346/tools/bin/../lib/gcc/arm-none-eabi/9.3.1/../../../../arm-none-eabi/lib/thumb/v7e-m+fp/hard/libc_nano.a(lib_a-memset.o)
 .debug_frame   0x0000000000005208       0x2c /opt/st/stm32cubeide_1.7.0/plugins/com.st.stm32cube.ide.mcu.externaltools.gnu-tools-for-stm32.9-2020-q2-update.linux64_2.0.0.202105311346/tools/bin/../lib/gcc/arm-none-eabi/9.3.1/thumb/v7e-m+fp/hard/libgcc.a(_aeabi_uldivmod.o)
 .debug_frame   0x0000000000005234       0x34 /opt/st/stm32cubeide_1.7.0/plugins/com.st.stm32cube.ide.mcu.externaltools.gnu-tools-for-stm32.9-2020-q2-update.linux64_2.0.0.202105311346/tools/bin/../lib/gcc/arm-none-eabi/9.3.1/thumb/v7e-m+fp/hard/libgcc.a(_udivmoddi4.o)
